<html>
<body>
<pre>
<h1>礦ision Build Log</h1>
<h2>Project:</h2>
C:\Users\13763\Desktop\自学\嘉立创\stm32F103C8T6\test\平衡小车源代码\Project\RVMDK（uv5）\fly.uvprojx
Project File Date:  04/09/2026

<h2>Output:</h2>
Build target 'Fly'
compiling main.c...
compiling bsp_debug_usart.c...
compiling mpu6050.c...
compiling bsp_hard_i2c.c...
compiling bsp_hc05.c...
linking...
Program Size: Code=18896 RO-data=548 RW-data=320 ZI-data=1088  
".\fly.axf" - 0 Error(s), 0 Warning(s).
Load "C:\\Users\\13763\\Desktop\\自学\\嘉立创\\stm32F103C8T6\\test\\平衡小车源代码\\Project\\RVMDK（uv5）\\fly.axf" 
Error: Flash Download failed  -  Target DLL has been cancelled
Load "C:\\Users\\13763\\Desktop\\自学\\嘉立创\\stm32F103C8T6\\test\\平衡小车源代码\\Project\\RVMDK（uv5）\\fly.axf" 
Erase Done.
Programming Done.
Verify OK.
Application running ...
Load "C:\\Users\\13763\\Desktop\\自学\\嘉立创\\stm32F103C8T6\\test\\平衡小车源代码\\Project\\RVMDK（uv5）\\fly.axf" 
Erase Done.
Programming Done.
Verify OK.
Application running ...
