Product: MDK-ARM Standard 5.10
Component: ARM Compiler 5.04 update 1 (build 49)
Tool: armlink [5040049]

==============================================================================

Section Cross References

    startup_stm32f103xb.o(RESET) refers to startup_stm32f103xb.o(STACK) for __initial_sp
    startup_stm32f103xb.o(RESET) refers to startup_stm32f103xb.o(.text) for Reset_Handler
    startup_stm32f103xb.o(RESET) refers to stm32f10x_it.o(i.NMI_Handler) for NMI_Handler
    startup_stm32f103xb.o(RESET) refers to stm32f10x_it.o(i.HardFault_Handler) for HardFault_Handler
    startup_stm32f103xb.o(RESET) refers to stm32f10x_it.o(i.MemManage_Handler) for MemManage_Handler
    startup_stm32f103xb.o(RESET) refers to stm32f10x_it.o(i.BusFault_Handler) for BusFault_Handler
    startup_stm32f103xb.o(RESET) refers to stm32f10x_it.o(i.UsageFault_Handler) for UsageFault_Handler
    startup_stm32f103xb.o(RESET) refers to stm32f10x_it.o(i.SVC_Handler) for SVC_Handler
    startup_stm32f103xb.o(RESET) refers to stm32f10x_it.o(i.DebugMon_Handler) for DebugMon_Handler
    startup_stm32f103xb.o(RESET) refers to stm32f10x_it.o(i.PendSV_Handler) for PendSV_Handler
    startup_stm32f103xb.o(RESET) refers to stm32f10x_it.o(i.SysTick_Handler) for SysTick_Handler
    startup_stm32f103xb.o(RESET) refers to stm32f10x_it.o(i.TIM1_UP_IRQHandler) for TIM1_UP_IRQHandler
    startup_stm32f103xb.o(RESET) refers to stm32f10x_it.o(i.USART1_IRQHandler) for USART1_IRQHandler
    startup_stm32f103xb.o(.text) refers to system_stm32f10x.o(i.SystemInit) for SystemInit
    startup_stm32f103xb.o(.text) refers to entry.o(.ARM.Collect$$$$00000000) for __main
    system_stm32f10x.o(i.SetSysClock) refers to system_stm32f10x.o(i.SetSysClockTo72) for SetSysClockTo72
    system_stm32f10x.o(i.SystemCoreClockUpdate) refers to system_stm32f10x.o(.data) for SystemCoreClock
    system_stm32f10x.o(i.SystemInit) refers to system_stm32f10x.o(i.SetSysClock) for SetSysClock
    stm32f10x_adc.o(i.ADC_DeInit) refers to stm32f10x_rcc.o(i.RCC_APB2PeriphResetCmd) for RCC_APB2PeriphResetCmd
    stm32f10x_bkp.o(i.BKP_DeInit) refers to stm32f10x_rcc.o(i.RCC_BackupResetCmd) for RCC_BackupResetCmd
    stm32f10x_can.o(i.CAN_DeInit) refers to stm32f10x_rcc.o(i.RCC_APB1PeriphResetCmd) for RCC_APB1PeriphResetCmd
    stm32f10x_can.o(i.CAN_GetITStatus) refers to stm32f10x_can.o(i.CheckITStatus) for CheckITStatus
    stm32f10x_cec.o(i.CEC_DeInit) refers to stm32f10x_rcc.o(i.RCC_APB1PeriphResetCmd) for RCC_APB1PeriphResetCmd
    stm32f10x_dac.o(i.DAC_DeInit) refers to stm32f10x_rcc.o(i.RCC_APB1PeriphResetCmd) for RCC_APB1PeriphResetCmd
    stm32f10x_flash.o(i.FLASH_EnableWriteProtection) refers to stm32f10x_flash.o(i.FLASH_WaitForLastOperation) for FLASH_WaitForLastOperation
    stm32f10x_flash.o(i.FLASH_EraseAllBank1Pages) refers to stm32f10x_flash.o(i.FLASH_WaitForLastBank1Operation) for FLASH_WaitForLastBank1Operation
    stm32f10x_flash.o(i.FLASH_EraseAllPages) refers to stm32f10x_flash.o(i.FLASH_WaitForLastOperation) for FLASH_WaitForLastOperation
    stm32f10x_flash.o(i.FLASH_EraseOptionBytes) refers to stm32f10x_flash.o(i.FLASH_GetReadOutProtectionStatus) for FLASH_GetReadOutProtectionStatus
    stm32f10x_flash.o(i.FLASH_EraseOptionBytes) refers to stm32f10x_flash.o(i.FLASH_WaitForLastOperation) for FLASH_WaitForLastOperation
    stm32f10x_flash.o(i.FLASH_ErasePage) refers to stm32f10x_flash.o(i.FLASH_WaitForLastOperation) for FLASH_WaitForLastOperation
    stm32f10x_flash.o(i.FLASH_ProgramHalfWord) refers to stm32f10x_flash.o(i.FLASH_WaitForLastOperation) for FLASH_WaitForLastOperation
    stm32f10x_flash.o(i.FLASH_ProgramOptionByteData) refers to stm32f10x_flash.o(i.FLASH_WaitForLastOperation) for FLASH_WaitForLastOperation
    stm32f10x_flash.o(i.FLASH_ProgramWord) refers to stm32f10x_flash.o(i.FLASH_WaitForLastOperation) for FLASH_WaitForLastOperation
    stm32f10x_flash.o(i.FLASH_ReadOutProtection) refers to stm32f10x_flash.o(i.FLASH_WaitForLastOperation) for FLASH_WaitForLastOperation
    stm32f10x_flash.o(i.FLASH_UserOptionByteConfig) refers to stm32f10x_flash.o(i.FLASH_WaitForLastOperation) for FLASH_WaitForLastOperation
    stm32f10x_flash.o(i.FLASH_WaitForLastBank1Operation) refers to stm32f10x_flash.o(i.FLASH_GetBank1Status) for FLASH_GetBank1Status
    stm32f10x_flash.o(i.FLASH_WaitForLastOperation) refers to stm32f10x_flash.o(i.FLASH_GetBank1Status) for FLASH_GetBank1Status
    stm32f10x_gpio.o(i.GPIO_AFIODeInit) refers to stm32f10x_rcc.o(i.RCC_APB2PeriphResetCmd) for RCC_APB2PeriphResetCmd
    stm32f10x_gpio.o(i.GPIO_DeInit) refers to stm32f10x_rcc.o(i.RCC_APB2PeriphResetCmd) for RCC_APB2PeriphResetCmd
    stm32f10x_i2c.o(i.I2C_DeInit) refers to stm32f10x_rcc.o(i.RCC_APB1PeriphResetCmd) for RCC_APB1PeriphResetCmd
    stm32f10x_i2c.o(i.I2C_Init) refers to stm32f10x_rcc.o(i.RCC_GetClocksFreq) for RCC_GetClocksFreq
    stm32f10x_pwr.o(i.PWR_DeInit) refers to stm32f10x_rcc.o(i.RCC_APB1PeriphResetCmd) for RCC_APB1PeriphResetCmd
[...]
    Removing oled.o(i.OLED_Update), (40 bytes).
    Removing oled.o(i.OLED_UpdateArea), (124 bytes).
    Removing oled.o(i.OLED_W_SCL), (24 bytes).
    Removing oled.o(i.OLED_W_SDA), (24 bytes).
    Removing oled.o(i.OLED_WriteCommand), (32 bytes).
    Removing oled.o(i.OLED_WriteData), (46 bytes).
    Removing oled.o(i.OLED_pnpoly), (140 bytes).
    Removing oled.o(.bss), (1024 bytes).
    Removing oled_data.o(.constdata), (2381 bytes).
    Removing timer.o(i.Timer_Init), (124 bytes).
    Removing bsp_usart_blt.o(i.BLT_USART_Config), (184 bytes).
    Removing bsp_usart_blt.o(i.clean_rebuff), (40 bytes).
    Removing bsp_usart_blt.o(i.get_rebuff), (20 bytes).
    Removing bsp_usart_blt.o(.bss), (16 bytes).
    Removing bsp_usart_blt.o(.data), (4 bytes).
    Removing dflti.o(.text), (34 bytes).
    Removing dfltui.o(.text), (26 bytes).
    Removing dfixi.o(.text), (62 bytes).
    Removing dfixui.o(.text), (50 bytes).
    Removing cdcmple.o(.text), (40 bytes).
    Removing drnd.o(.text), (136 bytes).
    Removing dscalb.o(.text), (46 bytes).

487 unused section(s) (total 29481 bytes) removed from the image.

==============================================================================

Image Symbol Table

    Local Symbols

    Symbol Name                              Value     Ov Type        Size  Object(Section)

    ../clib/../cmprslib/zerorunl2.c          0x00000000   Number         0  __dczerorl2.o ABSOLUTE
    ../clib/microlib/ctype/ctype.c           0x00000000   Number         0  isspace_c.o ABSOLUTE
    ../clib/microlib/ctype/ctype.c           0x00000000   Number         0  ctype_c.o ABSOLUTE
    ../clib/microlib/division.c              0x00000000   Number         0  uldiv.o ABSOLUTE
    ../clib/microlib/division.c              0x00000000   Number         0  uidiv.o ABSOLUTE
    ../clib/microlib/errno.c                 0x00000000   Number         0  errno.o ABSOLUTE
    ../clib/microlib/init/entry.s            0x00000000   Number         0  entry7a.o ABSOLUTE
    ../clib/microlib/init/entry.s            0x00000000   Number         0  entry10a.o ABSOLUTE
    ../clib/microlib/init/entry.s            0x00000000   Number         0  entry10b.o ABSOLUTE
    ../clib/microlib/init/entry.s            0x00000000   Number         0  entry5.o ABSOLUTE
    ../clib/microlib/init/entry.s            0x00000000   Number         0  entry9a.o ABSOLUTE
    ../clib/microlib/init/entry.s            0x00000000   Number         0  entry9b.o ABSOLUTE
    ../clib/microlib/init/entry.s            0x00000000   Number         0  entry7b.o ABSOLUTE
    ../clib/microlib/init/entry.s            0x00000000   Number         0  entry.o ABSOLUTE
    ../clib/microlib/init/entry.s            0x00000000   Number         0  entry11a.o ABSOLUTE
    ../clib/microlib/init/entry.s            0x00000000   Number         0  entry8a.o ABSOLUTE
    ../clib/microlib/init/entry.s            0x00000000   Number         0  entry11b.o ABSOLUTE
    ../clib/microlib/init/entry.s            0x00000000   Number         0  entry8b.o ABSOLUTE
    ../clib/microlib/init/entry.s            0x00000000   Number         0  entry2.o ABSOLUTE
    ../clib/microlib/longlong.c              0x00000000   Number         0  llsshr.o ABSOLUTE
    ../clib/microlib/longlong.c              0x00000000   Number         0  llshl.o ABSOLUTE
    ../clib/microlib/longlong.c              0x00000000   Number         0  llushr.o ABSOLUTE
    ../clib/microlib/printf/printf.c         0x00000000   Number         0  printfb.o ABSOLUTE
    ../clib/microlib/printf/printf.c         0x00000000   Number         0  printf2.o ABSOLUTE
    ../clib/microlib/printf/printf.c         0x00000000   Number         0  printf5.o ABSOLUTE
    ../clib/microlib/printf/printf.c         0x00000000   Number         0  printfa.o ABSOLUTE
    ../clib/microlib/printf/printf.c         0x00000000   Number         0  printf3.o ABSOLUTE
    ../clib/microlib/printf/printf.c         0x00000000   Number         0  printf4.o ABSOLUTE
    ../clib/microlib/printf/printf.c         0x00000000   Number         0  printf6.o ABSOLUTE
    ../clib/microlib/printf/printf.c         0x00000000   Number         0  printf8.o ABSOLUTE
    ../clib/microlib/printf/printf.c         0x00000000   Number         0  printf0.o ABSOLUTE
    ../clib/microlib/printf/printf.c         0x00000000   Number         0  printf7.o ABSOLUTE
    ../clib/microlib/printf/printf.c         0x00000000   Number         0  printf1.o ABSOLUTE
    ../clib/microlib/printf/stubs.s          0x00000000   Number         0  stubs.o ABSOLUTE
    ../clib/microlib/stdio/streams.c         0x00000000   Number         0  stdout.o ABSOLUTE
    ../clib/microlib/string/memcpy.c         0x00000000   Number         0  memcpya.o ABSOLUTE
    ../clib/microlib/string/memcpy.c         0x00000000   Number         0  memcpyb.o ABSOLUTE
    ../clib/microlib/string/strcmp.c         0x00000000   Number         0  strcmp.o ABSOLUTE
    ../clib/microlib/string/strstr.c         0x00000000   Number         0  strstr.o ABSOLUTE
    ../clib/microlib/stubs.s                 0x00000000   Number         0  iusefp.o ABSOLUTE
    ../clib/scanf.c                          0x00000000   Number         0  __0sscanf.o ABSOLUTE
    ../clib/scanf.c                          0x00000000   Number         0  scanf_fp.o ABSOLUTE
    ../clib/scanf.c                          0x00000000   Number         0  scanf_char.o ABSOLUTE
    ../clib/scanf.c                          0x00000000   Number         0  _scanf.o ABSOLUTE
    ../clib/scanf.c                          0x00000000   Number         0  _sgetc.o ABSOLUTE
    ../clib/scanf.c                          0x00000000   Number         0  _chval.o ABSOLUTE
    ../clib/scanf.c                          0x00000000   Number         0  _scanf_int.o ABSOLUTE
    ../fplib/microlib/d2f.c                  0x00000000   Number         0  d2f.o ABSOLUTE
    ../fplib/microlib/f2d.c                  0x00000000   Number         0  f2d.o ABSOLUTE
    ../fplib/microlib/fpadd.c                0x00000000   Number         0  dadd.o ABSOLUTE
    ../fplib/microlib/fpadd.c                0x00000000   Number         0  fadd.o ABSOLUTE
    ../fplib/microlib/fpdiv.c                0x00000000   Number         0  ddiv.o ABSOLUTE
    ../fplib/microlib/fpdiv.c                0x00000000   Number         0  fdiv.o ABSOLUTE
    ../fplib/microlib/fpepilogue.c           0x00000000   Number         0  fepilogue.o ABSOLUTE
    ../fplib/microlib/fpepilogue.c           0x00000000   Number         0  depilogue.o ABSOLUTE
    ../fplib/microlib/fpfix.c                0x00000000   Number         0  dfixui.o ABSOLUTE
    ../fplib/microlib/fpfix.c                0x00000000   Number         0  ffixi.o ABSOLUTE
    ../fplib/microlib/fpfix.c                0x00000000   Number         0  dfixul.o ABSOLUTE
    ../fplib/microlib/fpfix.c                0x00000000   Number         0  dfixi.o ABSOLUTE
    ../fplib/microlib/fpflt.c                0x00000000   Number         0  dflti.o ABSOLUTE
    ../fplib/microlib/fpflt.c                0x00000000   Number         0  dfltul.o ABSOLUTE
    ../fplib/microlib/fpflt.c                0x00000000   Number         0  dfltui.o ABSOLUTE
    ../fplib/microlib/fpflt.c                0x00000000   Number         0  fflti.o ABSOLUTE
    ../fplib/microlib/fpmul.c                0x00000000   Number         0  fmul.o ABSOLUTE
    ../fplib/microlib/fpmul.c                0x00000000   Number         0  dmul.o ABSOLUTE
    ../fplib/microlib/fprnd.c                0x00000000   Number         0  drnd.o ABSOLUTE
    ../fplib/microlib/fpscalb.c              0x00000000   Number         0  dscalb.o ABSOLUTE
    ../fplib/microlib/fpscalb.c              0x00000000   Number         0  fscalb.o ABSOLUTE
    ../mathlib/atan.c                        0x00000000   Number         0  atan.o ABSOLUTE
    ../mathlib/atan.c                        0x00000000   Number         0  atan_x.o ABSOLUTE
    ../mathlib/atan2.c                       0x00000000   Number         0  atan2.o ABSOLUTE
    ../mathlib/atan2.c                       0x00000000   Number         0  atan2_x.o ABSOLUTE
    ../mathlib/atan2f.c                      0x00000000   Number         0  atan2f_x.o ABSOLUTE
    ../mathlib/atan2f.c                      0x00000000   Number         0  atan2f.o ABSOLUTE
    ../mathlib/dunder.c                      0x00000000   Number         0  dunder.o ABSOLUTE
    ../mathlib/fpclassify.c                  0x00000000   Number         0  fpclassify.o ABSOLUTE
    ../mathlib/fpclassifyf.c                 0x00000000   Number         0  fpclassifyf.o ABSOLUTE
    ../mathlib/funder.c                      0x00000000   Number         0  funder.o ABSOLUTE
    ../mathlib/poly.c                        0x00000000   Number         0  poly.o ABSOLUTE
    ../mathlib/qnan.c                        0x00000000   Number         0  qnan.o ABSOLUTE
    ../mathlib/round.c                       0x00000000   Number         0  round.o ABSOLUTE
    ..\..\Libraries\CMSIS\core_cm3.c         0x00000000   Number         0  core_cm3.o ABSOLUTE
    ..\..\Libraries\CMSIS\startup\startup_stm32f103xb.s 0x00000000   Number         0  startup_stm32f103xb.o ABSOLUTE
    ..\..\Libraries\CMSIS\system_stm32f10x.c 0x00000000   Number         0  system_stm32f10x.o ABSOLUTE
    ..\..\Libraries\FWlib\src\misc.c         0x00000000   Number         0  misc.o ABSOLUTE
    ..\..\Libraries\FWlib\src\stm32f10x_adc.c 0x00000000   Number         0  stm32f10x_adc.o ABSOLUTE
    ..\..\Libraries\FWlib\src\stm32f10x_bkp.c 0x00000000   Number         0  stm32f10x_bkp.o ABSOLUTE
    ..\..\Libraries\FWlib\src\stm32f10x_can.c 0x00000000   Number         0  stm32f10x_can.o ABSOLUTE
    ..\..\Libraries\FWlib\src\stm32f10x_cec.c 0x00000000   Number         0  stm32f10x_cec.o ABSOLUTE
    ..\..\Libraries\FWlib\src\stm32f10x_crc.c 0x00000000   Number         0  stm32f10x_crc.o ABSOLUTE
    ..\..\Libraries\FWlib\src\stm32f10x_dac.c 0x00000000   Number         0  stm32f10x_dac.o ABSOLUTE
    ..\..\Libraries\FWlib\src\stm32f10x_dbgmcu.c 0x00000000   Number         0  stm32f10x_dbgmcu.o ABSOLUTE
    ..\..\Libraries\FWlib\src\stm32f10x_dma.c 0x00000000   Number         0  stm32f10x_dma.o ABSOLUTE
    ..\..\Libraries\FWlib\src\stm32f10x_exti.c 0x00000000   Number         0  stm32f10x_exti.o ABSOLUTE
    ..\..\Libraries\FWlib\src\stm32f10x_flash.c 0x00000000   Number         0  stm32f10x_flash.o ABSOLUTE
    ..\..\Libraries\FWlib\src\stm32f10x_fsmc.c 0x00000000   Number         0  stm32f10x_fsmc.o ABSOLUTE
    ..\..\Libraries\FWlib\src\stm32f10x_gpio.c 0x00000000   Number         0  stm32f10x_gpio.o ABSOLUTE
    ..\..\Libraries\FWlib\src\stm32f10x_i2c.c 0x00000000   Number         0  stm32f10x_i2c.o ABSOLUTE
    ..\..\Libraries\FWlib\src\stm32f10x_iwdg.c 0x00000000   Number         0  stm32f10x_iwdg.o ABSOLUTE
    ..\..\Libraries\FWlib\src\stm32f10x_pwr.c 0x00000000   Number         0  stm32f10x_pwr.o ABSOLUTE
    ..\..\Libraries\FWlib\src\stm32f10x_rcc.c 0x00000000   Number         0  stm32f10x_rcc.o ABSOLUTE
    ..\..\Libraries\FWlib\src\stm32f10x_rtc.c 0x00000000   Number         0  stm32f10x_rtc.o ABSOLUTE
    ..\..\Libraries\FWlib\src\stm32f10x_sdio.c 0x00000000   Number         0  stm32f10x_sdio.o ABSOLUTE
    ..\..\Libraries\FWlib\src\stm32f10x_spi.c 0x00000000   Number         0  stm32f10x_spi.o ABSOLUTE
    ..\..\Libraries\FWlib\src\stm32f10x_tim.c 0x00000000   Number         0  stm32f10x_tim.o ABSOLUTE
    ..\..\Libraries\FWlib\src\stm32f10x_usart.c 0x00000000   Number         0  stm32f10x_usart.o ABSOLUTE
    ..\..\Libraries\FWlib\src\stm32f10x_wwdg.c 0x00000000   Number         0  stm32f10x_wwdg.o ABSOLUTE
    ..\..\User\delay.c                       0x00000000   Number         0  delay.o ABSOLUTE
    ..\..\User\hc05\bsp_hc05.c               0x00000000   Number         0  bsp_hc05.o ABSOLUTE
    ..\..\User\iic\bsp_hard_i2c.c            0x00000000   Number         0  bsp_hard_i2c.o ABSOLUTE
    ..\..\User\iic\bsp_soft_i2c.c            0x00000000   Number         0  bsp_soft_i2c.o ABSOLUTE
    ..\..\User\main.c                        0x00000000   Number         0  main.o ABSOLUTE
    ..\..\User\motor\Encoder.c               0x00000000   Number         0  encoder.o ABSOLUTE
    ..\..\User\motor\Motor.c                 0x00000000   Number         0  motor.o ABSOLUTE
    ..\..\User\motor\PWM.c                   0x00000000   Number         0  pwm.o ABSOLUTE
    ..\..\User\mpu6050\mpu6050.c             0x00000000   Number         0  mpu6050.o ABSOLUTE
    ..\..\User\oled\OLED.c                   0x00000000   Number         0  oled.o ABSOLUTE
    ..\..\User\oled\OLED_Data.c              0x00000000   Number         0  oled_data.o ABSOLUTE
    ..\..\User\pid\PID.c                     0x00000000   Number         0  pid.o ABSOLUTE
    ..\..\User\stm32f10x_it.c                0x00000000   Number         0  stm32f10x_it.o ABSOLUTE
    ..\..\User\timer\Timer.c                 0x00000000   Number         0  timer.o ABSOLUTE
    ..\..\User\usart\bsp_debug_usart.c       0x00000000   Number         0  bsp_debug_usart.o ABSOLUTE
    ..\..\User\usart\bsp_usart_blt.c         0x00000000   Number         0  bsp_usart_blt.o ABSOLUTE
    ..\\..\\Libraries\\CMSIS\\core_cm3.c     0x00000000   Number         0  core_cm3.o ABSOLUTE
    cdcmple.s                                0x00000000   Number         0  cdcmple.o ABSOLUTE
    cdrcmple.s                               0x00000000   Number         0  cdrcmple.o ABSOLUTE
    cfcmple.s                                0x00000000   Number         0  cfcmple.o ABSOLUTE
    cfrcmple.s                               0x00000000   Number         0  cfrcmple.o ABSOLUTE
    dc.s                                     0x00000000   Number         0  dc.o ABSOLUTE
    handlers.s                               0x00000000   Number         0  handlers.o ABSOLUTE
    init.s                                   0x00000000   Number         0  init.o ABSOLUTE
    RESET                                    0x08000000   Section      236  startup_stm32f103xb.o(RESET)
    .ARM.Collect$$$$00000000                 0x080000ec   Section        0  entry.o(.ARM.Collect$$$$00000000)
    .ARM.Collect$$$$00000001                 0x080000ec   Section        4  entry2.o(.ARM.Collect$$$$00000001)
    .ARM.Collect$$$$00000004                 0x080000f0   Section        4  entry5.o(.ARM.Collect$$$$00000004)
    .ARM.Collect$$$$00000008                 0x080000f4   Section        0  entry7b.o(.ARM.Collect$$$$00000008)
    .ARM.Collect$$$$0000000A                 0x080000f4   Section        0  entry8b.o(.ARM.Collect$$$$0000000A)
    .ARM.Collect$$$$0000000B                 0x080000f4   Section        8  entry9a.o(.ARM.Collect$$$$0000000B)
    .ARM.Collect$$$$0000000D                 0x080000fc   Section        0  entry10a.o(.ARM.Collect$$$$0000000D)
    .ARM.Collect$$$$0000000F                 0x080000fc   Section        0  entry11a.o(.ARM.Collect$$$$0000000F)
    .ARM.Collect$$$$00002712                 0x080000fc   Section        4  entry2.o(.ARM.Collect$$$$00002712)
    __lit__00000000                          0x080000fc   Data           4  entry2.o(.ARM.Collect$$$$00002712)
    .text                                    0x08000100   Section       36  startup_stm32f103xb.o(.text)
    .text                                    0x08000124   Section        0  memcpya.o(.text)
    .text                                    0x08000148   Section        0  strstr.o(.text)
    .text                                    0x0800016c   Section        0  __0sscanf.o(.text)
    .text                                    0x080001a4   Section        0  _scanf_int.o(.text)
    .text                                    0x080002f0   Section        0  scanf_fp.o(.text)
    _fp_value                                0x080002f1   Thumb Code   256  scanf_fp.o(.text)
    .text                                    0x08000628   Section        0  fadd.o(.text)
    .text                                    0x080006d8   Section        0  fmul.o(.text)
    .text                                    0x0800073c   Section        0  fdiv.o(.text)
    .text                                    0x080007b8   Section        0  dadd.o(.text)
    .text                                    0x08000906   Section        0  dmul.o(.text)
    .text                                    0x080009ea   Section        0  ddiv.o(.text)
    .text                                    0x08000ac8   Section        0  fflti.o(.text)
    .text                                    0x08000ada   Section        0  ffixi.o(.text)
    .text                                    0x08000b0c   Section        0  f2d.o(.text)
    .text                                    0x08000b34   Section       40  cdrcmple.o(.text)
    .text                                    0x08000b5c   Section        0  d2f.o(.text)
    .text                                    0x08000b94   Section       20  cfcmple.o(.text)
    .text                                    0x08000ba8   Section       20  cfrcmple.o(.text)
    .text                                    0x08000bbc   Section        0  uidiv.o(.text)
    .text                                    0x08000be8   Section        0  uldiv.o(.text)
    .text                                    0x08000c4a   Section        0  llshl.o(.text)
    .text                                    0x08000c68   Section        0  llushr.o(.text)
    .text                                    0x08000c88   Section        0  llsshr.o(.text)
    .text                                    0x08000cac   Section        0  _chval.o(.text)
    .text                                    0x08000cc8   Section        0  scanf_char.o(.text)
    _scanf_char_input                        0x08000cc9   Thumb Code    12  scanf_char.o(.text)
    .text                                    0x08000cf0   Section        0  _sgetc.o(.text)
    .text                                    0x08000d30   Section        0  iusefp.o(.text)
    .text                                    0x08000d30   Section        0  fepilogue.o(.text)
    .text                                    0x08000d9e   Section        0  depilogue.o(.text)
    .text                                    0x08000e54   Section        0  dfltul.o(.text)
    .text                                    0x08000e6c   Section        0  dfixul.o(.text)
    .text                                    0x08000e9c   Section       36  init.o(.text)
    .text                                    0x08000ec0   Section        0  isspace_c.o(.text)
    .text                                    0x08000ecc   Section        0  _scanf.o(.text)
    .text                                    0x080011f4   Section        0  fscalb.o(.text)
    .text                                    0x0800120c   Section        0  ctype_c.o(.text)
    .text                                    0x08001234   Section        0  __dczerorl2.o(.text)
    i.BusFault_Handler                       0x0800128a   Section        0  stm32f10x_it.o(i.BusFault_Handler)
    i.DEBUG_USART_Config                     0x08001290   Section        0  bsp_debug_usart.o(i.DEBUG_USART_Config)
    i.DebugMon_Handler                       0x0800133c   Section        0  stm32f10x_it.o(i.DebugMon_Handler)
    i.Debug_GPIO_Init                        0x08001340   Section        0  main.o(i.Debug_GPIO_Init)
    i.Delay                                  0x08001374   Section        0  delay.o(i.Delay)
    i.Encoder_Get                            0x0800138c   Section        0  encoder.o(i.Encoder_Get)
    i.Encoder_Init                           0x080013c8   Section        0  encoder.o(i.Encoder_Init)
    i.FLASH_PrefetchBufferCmd                0x080014a8   Section        0  stm32f10x_flash.o(i.FLASH_PrefetchBufferCmd)
    i.FLASH_SetLatency                       0x080014c4   Section        0  stm32f10x_flash.o(i.FLASH_SetLatency)
    i.GPIO_Init                              0x080014dc   Section        0  stm32f10x_gpio.o(i.GPIO_Init)
    i.GPIO_ReadInputDataBit                  0x080015f2   Section        0  stm32f10x_gpio.o(i.GPIO_ReadInputDataBit)
    i.GPIO_ResetBits                         0x08001604   Section        0  stm32f10x_gpio.o(i.GPIO_ResetBits)
    i.GPIO_SetBits                           0x08001608   Section        0  stm32f10x_gpio.o(i.GPIO_SetBits)
    i.GitCUrrentAngle                        0x0800160c   Section        0  main.o(i.GitCUrrentAngle)
    i.HardFault_Handler                      0x08001684   Section        0  stm32f10x_it.o(i.HardFault_Handler)
    i.I2C1_BusRecover                        0x08001688   Section        0  main.o(i.I2C1_BusRecover)
    i.I2C_AcknowledgeConfig                  0x08001724   Section        0  stm32f10x_i2c.o(i.I2C_AcknowledgeConfig)
    i.I2C_BufferRead                         0x0800173c   Section        0  bsp_hard_i2c.o(i.I2C_BufferRead)
    i.I2C_ByteWrite                          0x0800181c   Section        0  bsp_hard_i2c.o(i.I2C_ByteWrite)
    i.I2C_CheckEvent                         0x08001894   Section        0  stm32f10x_i2c.o(i.I2C_CheckEvent)
    i.I2C_Cmd                                0x080018be   Section        0  stm32f10x_i2c.o(i.I2C_Cmd)
    i.I2C_DeInit                             0x080018d8   Section        0  stm32f10x_i2c.o(i.I2C_DeInit)
    i.I2C_GenerateSTART                      0x08001910   Section        0  stm32f10x_i2c.o(i.I2C_GenerateSTART)
    i.I2C_GenerateSTOP                       0x08001928   Section        0  stm32f10x_i2c.o(i.I2C_GenerateSTOP)
    i.I2C_GetFlagStatus                      0x08001940   Section        0  stm32f10x_i2c.o(i.I2C_GetFlagStatus)
    i.I2C_Init                               0x0800197c   Section        0  stm32f10x_i2c.o(i.I2C_Init)
    i.I2C_ReceiveData                        0x08001a68   Section        0  stm32f10x_i2c.o(i.I2C_ReceiveData)
    i.I2C_Send7bitAddress                    0x08001a70   Section        0  stm32f10x_i2c.o(i.I2C_Send7bitAddress)
    i.I2C_SendData                           0x08001a82   Section        0  stm32f10x_i2c.o(i.I2C_SendData)
    i.Interrupt_Priority_Config              0x08001a88   Section        0  stm32f10x_it.o(i.Interrupt_Priority_Config)
    i.MPU6050ReadAcc                         0x08001b64   Section        0  mpu6050.o(i.MPU6050ReadAcc)
    i.MPU6050ReadGyro                        0x08001ba4   Section        0  mpu6050.o(i.MPU6050ReadGyro)
    i.MPU6050_Init                           0x08001be4   Section        0  mpu6050.o(i.MPU6050_Init)
    i.MPU6050_ReadData                       0x08001c1e   Section        0  mpu6050.o(i.MPU6050_ReadData)
    i.MPU6050_WriteReg                       0x08001c32   Section        0  mpu6050.o(i.MPU6050_WriteReg)
    i.MPU_I2C_Config                         0x08001c44   Section        0  bsp_hard_i2c.o(i.MPU_I2C_Config)
    i.MemManage_Handler                      0x08001cc0   Section        0  stm32f10x_it.o(i.MemManage_Handler)
    i.Motor_DeadzoneCompensate               0x08001cc4   Section        0  stm32f10x_it.o(i.Motor_DeadzoneCompensate)
    i.Motor_Init                             0x08001cf8   Section        0  motor.o(i.Motor_Init)
    i.Motor_SetPWM                           0x08001d28   Section        0  motor.o(i.Motor_SetPWM)
    i.NMI_Handler                            0x08001db0   Section        0  stm32f10x_it.o(i.NMI_Handler)
    i.NVIC_Init                              0x08001db4   Section        0  misc.o(i.NVIC_Init)
    i.NVIC_PriorityGroupConfig               0x08001e24   Section        0  misc.o(i.NVIC_PriorityGroupConfig)
    i.PID_Init                               0x08001e38   Section        0  pid.o(i.PID_Init)
    i.PID_Update                             0x08001e48   Section        0  pid.o(i.PID_Update)
    i.PWM_Init                               0x08001f34   Section        0  pwm.o(i.PWM_Init)
    i.PWM_SetCompare1                        0x08001fd0   Section        0  pwm.o(i.PWM_SetCompare1)
    i.PWM_SetCompare2                        0x08001fe4   Section        0  pwm.o(i.PWM_SetCompare2)
    i.Parse_PID_Commands                     0x08001ff8   Section        0  main.o(i.Parse_PID_Commands)
    i.PendSV_Handler                         0x0800268c   Section        0  stm32f10x_it.o(i.PendSV_Handler)
    i.RCC_APB1PeriphClockCmd                 0x08002690   Section        0  stm32f10x_rcc.o(i.RCC_APB1PeriphClockCmd)
    i.RCC_APB1PeriphResetCmd                 0x080026b0   Section        0  stm32f10x_rcc.o(i.RCC_APB1PeriphResetCmd)
    i.RCC_APB2PeriphClockCmd                 0x080026d0   Section        0  stm32f10x_rcc.o(i.RCC_APB2PeriphClockCmd)
    i.RCC_DeInit                             0x080026f0   Section        0  stm32f10x_rcc.o(i.RCC_DeInit)
    i.RCC_GetClocksFreq                      0x0800273c   Section        0  stm32f10x_rcc.o(i.RCC_GetClocksFreq)
    i.RCC_GetFlagStatus                      0x08002810   Section        0  stm32f10x_rcc.o(i.RCC_GetFlagStatus)
    i.RCC_GetSYSCLKSource                    0x0800284c   Section        0  stm32f10x_rcc.o(i.RCC_GetSYSCLKSource)
    i.RCC_HCLKConfig                         0x0800285c   Section        0  stm32f10x_rcc.o(i.RCC_HCLKConfig)
    i.RCC_HSEConfig                          0x08002874   Section        0  stm32f10x_rcc.o(i.RCC_HSEConfig)
    i.RCC_PCLK1Config                        0x080028c0   Section        0  stm32f10x_rcc.o(i.RCC_PCLK1Config)
    i.RCC_PCLK2Config                        0x080028d8   Section        0  stm32f10x_rcc.o(i.RCC_PCLK2Config)
    i.RCC_PLLCmd                             0x080028f0   Section        0  stm32f10x_rcc.o(i.RCC_PLLCmd)
    i.RCC_PLLConfig                          0x080028fc   Section        0  stm32f10x_rcc.o(i.RCC_PLLConfig)
    i.RCC_SYSCLKConfig                       0x08002918   Section        0  stm32f10x_rcc.o(i.RCC_SYSCLKConfig)
    i.RCC_WaitForHSEStartUp                  0x08002930   Section        0  stm32f10x_rcc.o(i.RCC_WaitForHSEStartUp)
    i.SVC_Handler                            0x08002968   Section        0  stm32f10x_it.o(i.SVC_Handler)
    i.SetSysClock                            0x0800296a   Section        0  system_stm32f10x.o(i.SetSysClock)
    SetSysClock                              0x0800296b   Thumb Code     8  system_stm32f10x.o(i.SetSysClock)
    i.SetSysClockTo72                        0x08002974   Section        0  system_stm32f10x.o(i.SetSysClockTo72)
    SetSysClockTo72                          0x08002975   Thumb Code   214  system_stm32f10x.o(i.SetSysClockTo72)
    i.SysTick_Handler                        0x08002a54   Section        0  stm32f10x_it.o(i.SysTick_Handler)
    i.SystemClock_Config                     0x08002b04   Section        0  main.o(i.SystemClock_Config)
    i.SystemInit                             0x08002b70   Section        0  system_stm32f10x.o(i.SystemInit)
    i.TI1_Config                             0x08002bd0   Section        0  stm32f10x_tim.o(i.TI1_Config)
    TI1_Config                               0x08002bd1   Thumb Code   108  stm32f10x_tim.o(i.TI1_Config)
    i.TI2_Config                             0x08002c50   Section        0  stm32f10x_tim.o(i.TI2_Config)
    TI2_Config                               0x08002c51   Thumb Code   130  stm32f10x_tim.o(i.TI2_Config)
    i.TI3_Config                             0x08002ce8   Section        0  stm32f10x_tim.o(i.TI3_Config)
    TI3_Config                               0x08002ce9   Thumb Code   122  stm32f10x_tim.o(i.TI3_Config)
    i.TI4_Config                             0x08002d78   Section        0  stm32f10x_tim.o(i.TI4_Config)
    TI4_Config                               0x08002d79   Thumb Code   130  stm32f10x_tim.o(i.TI4_Config)
    i.TIM1_Control_Init                      0x08002e10   Section        0  timer.o(i.TIM1_Control_Init)
    i.TIM1_UP_IRQHandler                     0x08002e70   Section        0  stm32f10x_it.o(i.TIM1_UP_IRQHandler)
    i.TIM_ClearITPendingBit                  0x08003860   Section        0  stm32f10x_tim.o(i.TIM_ClearITPendingBit)
    i.TIM_Cmd                                0x08003866   Section        0  stm32f10x_tim.o(i.TIM_Cmd)
    i.TIM_EncoderInterfaceConfig             0x0800387e   Section        0  stm32f10x_tim.o(i.TIM_EncoderInterfaceConfig)
    i.TIM_GetCounter                         0x080038c0   Section        0  stm32f10x_tim.o(i.TIM_GetCounter)
    i.TIM_GetITStatus                        0x080038c6   Section        0  stm32f10x_tim.o(i.TIM_GetITStatus)
    i.TIM_ICInit                             0x080038e8   Section        0  stm32f10x_tim.o(i.TIM_ICInit)
    i.TIM_ICStructInit                       0x08003994   Section        0  stm32f10x_tim.o(i.TIM_ICStructInit)
    i.TIM_ITConfig                           0x080039a6   Section        0  stm32f10x_tim.o(i.TIM_ITConfig)
    i.TIM_InternalClockConfig                0x080039b8   Section        0  stm32f10x_tim.o(i.TIM_InternalClockConfig)
    i.TIM_OC3Init                            0x080039c4   Section        0  stm32f10x_tim.o(i.TIM_OC3Init)
    i.TIM_OC4Init                            0x08003a64   Section        0  stm32f10x_tim.o(i.TIM_OC4Init)
    i.TIM_OCStructInit                       0x08003ae0   Section        0  stm32f10x_tim.o(i.TIM_OCStructInit)
    i.TIM_SetCompare3                        0x08003af4   Section        0  stm32f10x_tim.o(i.TIM_SetCompare3)
    i.TIM_SetCompare4                        0x08003af8   Section        0  stm32f10x_tim.o(i.TIM_SetCompare4)
    i.TIM_SetCounter                         0x08003afe   Section        0  stm32f10x_tim.o(i.TIM_SetCounter)
    i.TIM_SetIC1Prescaler                    0x08003b02   Section        0  stm32f10x_tim.o(i.TIM_SetIC1Prescaler)
    i.TIM_SetIC2Prescaler                    0x08003b14   Section        0  stm32f10x_tim.o(i.TIM_SetIC2Prescaler)
    i.TIM_SetIC3Prescaler                    0x08003b2e   Section        0  stm32f10x_tim.o(i.TIM_SetIC3Prescaler)
    i.TIM_SetIC4Prescaler                    0x08003b40   Section        0  stm32f10x_tim.o(i.TIM_SetIC4Prescaler)
    i.TIM_TimeBaseInit                       0x08003b5c   Section        0  stm32f10x_tim.o(i.TIM_TimeBaseInit)
    i.USART1_IRQHandler                      0x08003c00   Section        0  stm32f10x_it.o(i.USART1_IRQHandler)
    i.USART1_ReadLine                        0x08003c70   Section        0  stm32f10x_it.o(i.USART1_ReadLine)
    i.USART_Cmd                              0x08003d34   Section        0  stm32f10x_usart.o(i.USART_Cmd)
    i.USART_GetFlagStatus                    0x08003d4c   Section        0  stm32f10x_usart.o(i.USART_GetFlagStatus)
    i.USART_GetITStatus                      0x08003d66   Section        0  stm32f10x_usart.o(i.USART_GetITStatus)
    i.USART_ITConfig                         0x08003dba   Section        0  stm32f10x_usart.o(i.USART_ITConfig)
    i.USART_Init                             0x08003e04   Section        0  stm32f10x_usart.o(i.USART_Init)
    i.USART_ReceiveData                      0x08003edc   Section        0  stm32f10x_usart.o(i.USART_ReceiveData)
    i.USART_SendData                         0x08003ee6   Section        0  stm32f10x_usart.o(i.USART_SendData)
    i.UsageFault_Handler                     0x08003eee   Section        0  stm32f10x_it.o(i.UsageFault_Handler)
    i.WaitEvent                              0x08003ef2   Section        0  bsp_hard_i2c.o(i.WaitEvent)
    i.__0printf                              0x08003f14   Section        0  printfa.o(i.__0printf)
    i.__ARM_fpclassifyf                      0x08003f34   Section        0  fpclassifyf.o(i.__ARM_fpclassifyf)
    i.__mathlib_flt_underflow                0x08003f5a   Section        0  funder.o(i.__mathlib_flt_underflow)
    i.__scatterload_copy                     0x08003f64   Section       14  handlers.o(i.__scatterload_copy)
    i.__scatterload_null                     0x08003f72   Section        2  handlers.o(i.__scatterload_null)
    i.__scatterload_zeroinit                 0x08003f74   Section       14  handlers.o(i.__scatterload_zeroinit)
    i._fp_digits                             0x08003f84   Section        0  printfa.o(i._fp_digits)
    _fp_digits                               0x08003f85   Thumb Code   334  printfa.o(i._fp_digits)
    i._is_digit                              0x080040e8   Section        0  scanf_fp.o(i._is_digit)
    i._printf_core                           0x080040f8   Section        0  printfa.o(i._printf_core)
    _printf_core                             0x080040f9   Thumb Code  1744  printfa.o(i._printf_core)
    i._printf_post_padding                   0x080047d4   Section        0  printfa.o(i._printf_post_padding)
    _printf_post_padding                     0x080047d5   Thumb Code    36  printfa.o(i._printf_post_padding)
    i._printf_pre_padding                    0x080047f8   Section        0  printfa.o(i._printf_pre_padding)
    _printf_pre_padding                      0x080047f9   Thumb Code    46  printfa.o(i._printf_pre_padding)
    i.atan2f                                 0x08004828   Section        0  atan2f.o(i.atan2f)
    i.fputc                                  0x08004a84   Section        0  bsp_debug_usart.o(i.fputc)
    i.main                                   0x08004aa8   Section        0  main.o(i.main)
    .constdata                               0x08004fe8   Section       64  ctype_c.o(.constdata)
    .conststring                             0x08005028   Section      231  main.o(.conststring)
    .data                                    0x20000000   Section       20  system_stm32f10x.o(.data)
    .data                                    0x20000014   Section       20  stm32f10x_rcc.o(.data)
    APBAHBPrescTable                         0x20000014   Data          16  stm32f10x_rcc.o(.data)
    ADCPrescTable                            0x20000024   Data           4  stm32f10x_rcc.o(.data)
    .data                                    0x20000028   Section      220  main.o(.data)
    gyroCalibrationCommandId                 0x2000007a   Data           2  main.o(.data)
    .data                                    0x20000104   Section      111  stm32f10x_it.o(.data)
    speedAveFiltered                         0x20000140   Data           4  stm32f10x_it.o(.data)
    turnTargetFiltered                       0x20000144   Data           4  stm32f10x_it.o(.data)
    turnSpeedFiltered                        0x20000148   Data           4  stm32f10x_it.o(.data)
    usart1RxHead                             0x20000158   Data           2  stm32f10x_it.o(.data)
    usart1RxTail                             0x2000015a   Data           2  stm32f10x_it.o(.data)
    global_tick                              0x20000160   Data           1  stm32f10x_it.o(.data)
    gyroCalibrationActive                    0x20000161   Data           1  stm32f10x_it.o(.data)
    gyroCalibrationJustFinished              0x20000162   Data           1  stm32f10x_it.o(.data)
    gyroCalibrationSettleCount               0x20000164   Data           2  stm32f10x_it.o(.data)
    gyroCalibrationCount                     0x20000166   Data           2  stm32f10x_it.o(.data)
    gyroCalibrationSum                       0x20000168   Data           4  stm32f10x_it.o(.data)
    gyroCalibrationMin                       0x2000016c   Data           2  stm32f10x_it.o(.data)
    gyroCalibrationMax                       0x2000016e   Data           2  stm32f10x_it.o(.data)
    pendingLength                            0x20000170   Data           2  stm32f10x_it.o(.data)
    discardingLongLine                       0x20000172   Data           1  stm32f10x_it.o(.data)
    .data                                    0x20000174   Section        4  delay.o(.data)
    .data                                    0x20000178   Section        4  stdout.o(.data)
    .bss                                     0x2000017c   Section      320  stm32f10x_it.o(.bss)
    usart1RxRing                             0x2000017c   Data         256  stm32f10x_it.o(.bss)
    pendingLine                              0x2000027c   Data          64  stm32f10x_it.o(.bss)
    STACK                                    0x200002c0   Section     1024  startup_stm32f103xb.o(STACK)

    Global Symbols

    Symbol Name                              Value     Ov Type        Size  Object(Section)

    BuildAttributes$$THM_ISAv4$P$D$K$B$S$PE$A:L22UL41UL21$X:L11$S22US41US21$IEEE1$IW$USESV6$~STKCKD$USESV7$~SHL$OTIME$ROPI$IEEEX$EBA8$MICROLIB$REQ8$PRES8$EABIv2 0x00000000   Number         0  anon$$obj.o ABSOLUTE
    __ARM_use_no_argv                        0x00000000   Number         0  main.o ABSOLUTE
    _printf_a                                0x00000000   Number         0  stubs.o ABSOLUTE
    _printf_c                                0x00000000   Number         0  stubs.o ABSOLUTE
    _printf_charcount                        0x00000000   Number         0  stubs.o ABSOLUTE
    _printf_d                                0x00000000   Number         0  stubs.o ABSOLUTE
    _printf_e                                0x00000000   Number         0  stubs.o ABSOLUTE
    _printf_f                                0x00000000   Number         0  stubs.o ABSOLUTE
    _printf_flags                            0x00000000   Number         0  stubs.o ABSOLUTE
    _printf_fp_dec                           0x00000000   Number         0  stubs.o ABSOLUTE
    _printf_fp_hex                           0x00000000   Number         0  stubs.o ABSOLUTE
    _printf_g                                0x00000000   Number         0  stubs.o ABSOLUTE
    _printf_i                                0x00000000   Number         0  stubs.o ABSOLUTE
    _printf_int_dec                          0x00000000   Number         0  stubs.o ABSOLUTE
    _printf_l                                0x00000000   Number         0  stubs.o ABSOLUTE
    _printf_lc                               0x00000000   Number         0  stubs.o ABSOLUTE
    _printf_ll                               0x00000000   Number         0  stubs.o ABSOLUTE
    _printf_lld                              0x00000000   Number         0  stubs.o ABSOLUTE
    _printf_lli                              0x00000000   Number         0  stubs.o ABSOLUTE
    _printf_llo                              0x00000000   Number         0  stubs.o ABSOLUTE
    _printf_llu                              0x00000000   Number         0  stubs.o ABSOLUTE
    _printf_llx                              0x00000000   Number         0  stubs.o ABSOLUTE
    _printf_longlong_dec                     0x00000000   Number         0  stubs.o ABSOLUTE
    _printf_longlong_hex                     0x00000000   Number         0  stubs.o ABSOLUTE
    _printf_longlong_oct                     0x00000000   Number         0  stubs.o ABSOLUTE
    _printf_ls                               0x00000000   Number         0  stubs.o ABSOLUTE
    _printf_mbtowc                           0x00000000   Number         0  stubs.o ABSOLUTE
    _printf_n                                0x00000000   Number         0  stubs.o ABSOLUTE
    _printf_o                                0x00000000   Number         0  stubs.o ABSOLUTE
    _printf_p                                0x00000000   Number         0  stubs.o ABSOLUTE
    _printf_percent                          0x00000000   Number         0  stubs.o ABSOLUTE
    _printf_pre_padding                      0x00000000   Number         0  stubs.o ABSOLUTE
    _printf_return_value                     0x00000000   Number         0  stubs.o ABSOLUTE
    _printf_s                                0x00000000   Number         0  stubs.o ABSOLUTE
    _printf_sizespec                         0x00000000   Number         0  stubs.o ABSOLUTE
    _printf_str                              0x00000000   Number         0  stubs.o ABSOLUTE
    _printf_truncate_signed                  0x00000000   Number         0  stubs.o ABSOLUTE
    _printf_truncate_unsigned                0x00000000   Number         0  stubs.o ABSOLUTE
    _printf_u                                0x00000000   Number         0  stubs.o ABSOLUTE
    _printf_wc                               0x00000000   Number         0  stubs.o ABSOLUTE
    _printf_wctomb                           0x00000000   Number         0  stubs.o ABSOLUTE
    _printf_widthprec                        0x00000000   Number         0  stubs.o ABSOLUTE
    _printf_x                                0x00000000   Number         0  stubs.o ABSOLUTE
    __cpp_initialize__aeabi_                  - Undefined Weak Reference
    __cxa_finalize                            - Undefined Weak Reference
    _clock_init                               - Undefined Weak Reference
    _microlib_exit                            - Undefined Weak Reference
    _scanf_longlong                           - Undefined Weak Reference
    _scanf_string                             - Undefined Weak Reference
    __Vectors_Size                           0x000000ec   Number         0  startup_stm32f103xb.o ABSOLUTE
    __Vectors                                0x08000000   Data           4  startup_stm32f103xb.o(RESET)
    __Vectors_End                            0x080000ec   Data           0  startup_stm32f103xb.o(RESET)
    __main                                   0x080000ed   Thumb Code     0  entry.o(.ARM.Collect$$$$00000000)
    _main_stk                                0x080000ed   Thumb Code     0  entry2.o(.ARM.Collect$$$$00000001)
    _main_scatterload                        0x080000f1   Thumb Code     0  entry5.o(.ARM.Collect$$$$00000004)
    __main_after_scatterload                 0x080000f5   Thumb Code     0  entry5.o(.ARM.Collect$$$$00000004)
    _main_clock                              0x080000f5   Thumb Code     0  entry7b.o(.ARM.Collect$$$$00000008)
    _main_cpp_init                           0x080000f5   Thumb Code     0  entry8b.o(.ARM.Collect$$$$0000000A)
    _main_init                               0x080000f5   Thumb Code     0  entry9a.o(.ARM.Collect$$$$0000000B)
    __rt_final_cpp                           0x080000fd   Thumb Code     0  entry10a.o(.ARM.Collect$$$$0000000D)
    __rt_final_exit                          0x080000fd   Thumb Code     0  entry11a.o(.ARM.Collect$$$$0000000F)
    Reset_Handler                            0x08000101   Thumb Code     8  startup_stm32f103xb.o(.text)
    ADC1_2_IRQHandler                        0x0800011b   Thumb Code     0  startup_stm32f103xb.o(.text)
    CAN1_RX1_IRQHandler                      0x0800011b   Thumb Code     0  startup_stm32f103xb.o(.text)
    CAN1_SCE_IRQHandler                      0x0800011b   Thumb Code     0  startup_stm32f103xb.o(.text)
    DMA1_Channel1_IRQHandler                 0x0800011b   Thumb Code     0  startup_stm32f103xb.o(.text)
    DMA1_Channel2_IRQHandler                 0x0800011b   Thumb Code     0  startup_stm32f103xb.o(.text)
    DMA1_Channel3_IRQHandler                 0x0800011b   Thumb Code     0  startup_stm32f103xb.o(.text)
    DMA1_Channel4_IRQHandler                 0x0800011b   Thumb Code     0  startup_stm32f103xb.o(.text)
    DMA1_Channel5_IRQHandler                 0x0800011b   Thumb Code     0  startup_stm32f103xb.o(.text)
    DMA1_Channel6_IRQHandler                 0x0800011b   Thumb Code     0  startup_stm32f103xb.o(.text)
    DMA1_Channel7_IRQHandler                 0x0800011b   Thumb Code     0  startup_stm32f103xb.o(.text)
    EXTI0_IRQHandler                         0x0800011b   Thumb Code     0  startup_stm32f103xb.o(.text)
    EXTI15_10_IRQHandler                     0x0800011b   Thumb Code     0  startup_stm32f103xb.o(.text)
    EXTI1_IRQHandler                         0x0800011b   Thumb Code     0  startup_stm32f103xb.o(.text)
    EXTI2_IRQHandler                         0x0800011b   Thumb Code     0  startup_stm32f103xb.o(.text)
    EXTI3_IRQHandler                         0x0800011b   Thumb Code     0  startup_stm32f103xb.o(.text)
    EXTI4_IRQHandler                         0x0800011b   Thumb Code     0  startup_stm32f103xb.o(.text)
    EXTI9_5_IRQHandler                       0x0800011b   Thumb Code     0  startup_stm32f103xb.o(.text)
    FLASH_IRQHandler                         0x0800011b   Thumb Code     0  startup_stm32f103xb.o(.text)
    I2C1_ER_IRQHandler                       0x0800011b   Thumb Code     0  startup_stm32f103xb.o(.text)
    I2C1_EV_IRQHandler                       0x0800011b   Thumb Code     0  startup_stm32f103xb.o(.text)
    I2C2_ER_IRQHandler                       0x0800011b   Thumb Code     0  startup_stm32f103xb.o(.text)
    I2C2_EV_IRQHandler                       0x0800011b   Thumb Code     0  startup_stm32f103xb.o(.text)
    PVD_IRQHandler                           0x0800011b   Thumb Code     0  startup_stm32f103xb.o(.text)
    RCC_IRQHandler                           0x0800011b   Thumb Code     0  startup_stm32f103xb.o(.text)
    RTC_Alarm_IRQHandler                     0x0800011b   Thumb Code     0  startup_stm32f103xb.o(.text)
    RTC_IRQHandler                           0x0800011b   Thumb Code     0  startup_stm32f103xb.o(.text)
    SPI1_IRQHandler                          0x0800011b   Thumb Code     0  startup_stm32f103xb.o(.text)
    SPI2_IRQHandler                          0x0800011b   Thumb Code     0  startup_stm32f103xb.o(.text)
    TAMPER_IRQHandler                        0x0800011b   Thumb Code     0  startup_stm32f103xb.o(.text)
    TIM1_BRK_IRQHandler                      0x0800011b   Thumb Code     0  startup_stm32f103xb.o(.text)
    TIM1_CC_IRQHandler                       0x0800011b   Thumb Code     0  startup_stm32f103xb.o(.text)
    TIM1_TRG_COM_IRQHandler                  0x0800011b   Thumb Code     0  startup_stm32f103xb.o(.text)
    TIM2_IRQHandler                          0x0800011b   Thumb Code     0  startup_stm32f103xb.o(.text)
    TIM3_IRQHandler                          0x0800011b   Thumb Code     0  startup_stm32f103xb.o(.text)
    TIM4_IRQHandler                          0x0800011b   Thumb Code     0  startup_stm32f103xb.o(.text)
    USART2_IRQHandler                        0x0800011b   Thumb Code     0  startup_stm32f103xb.o(.text)
    USART3_IRQHandler                        0x0800011b   Thumb Code     0  startup_stm32f103xb.o(.text)
    USBWakeUp_IRQHandler                     0x0800011b   Thumb Code     0  startup_stm32f103xb.o(.text)
    USB_HP_CAN1_TX_IRQHandler                0x0800011b   Thumb Code     0  startup_stm32f103xb.o(.text)
    USB_LP_CAN1_RX0_IRQHandler               0x0800011b   Thumb Code     0  startup_stm32f103xb.o(.text)
    WWDG_IRQHandler                          0x0800011b   Thumb Code     0  startup_stm32f103xb.o(.text)
    __aeabi_memcpy                           0x08000125   Thumb Code    36  memcpya.o(.text)
    __aeabi_memcpy4                          0x08000125   Thumb Code     0  memcpya.o(.text)
    __aeabi_memcpy8                          0x08000125   Thumb Code     0  memcpya.o(.text)
    strstr                                   0x08000149   Thumb Code    36  strstr.o(.text)
    __0sscanf                                0x0800016d   Thumb Code    48  __0sscanf.o(.text)
    _scanf_int                               0x080001a5   Thumb Code   332  _scanf_int.o(.text)
    _scanf_real                              0x080003f1   Thumb Code     0  scanf_fp.o(.text)
    _scanf_really_real                       0x080003f1   Thumb Code   556  scanf_fp.o(.text)
    __aeabi_fadd                             0x08000629   Thumb Code   164  fadd.o(.text)
    __aeabi_fsub                             0x080006cd   Thumb Code     6  fadd.o(.text)
    __aeabi_frsub                            0x080006d3   Thumb Code     6  fadd.o(.text)
    __aeabi_fmul                             0x080006d9   Thumb Code   100  fmul.o(.text)
    __aeabi_fdiv                             0x0800073d   Thumb Code   124  fdiv.o(.text)
    __aeabi_dadd                             0x080007b9   Thumb Code   322  dadd.o(.text)
    __aeabi_dsub                             0x080008fb   Thumb Code     6  dadd.o(.text)
    __aeabi_drsub                            0x08000901   Thumb Code     6  dadd.o(.text)
    __aeabi_dmul                             0x08000907   Thumb Code   228  dmul.o(.text)
    __aeabi_ddiv                             0x080009eb   Thumb Code   222  ddiv.o(.text)
    __aeabi_i2f                              0x08000ac9   Thumb Code    18  fflti.o(.text)
    __aeabi_f2iz                             0x08000adb   Thumb Code    50  ffixi.o(.text)
    __aeabi_f2d                              0x08000b0d   Thumb Code    38  f2d.o(.text)
    __aeabi_cdrcmple                         0x08000b35   Thumb Code    38  cdrcmple.o(.text)
    __aeabi_d2f                              0x08000b5d   Thumb Code    56  d2f.o(.text)
    __aeabi_cfcmpeq                          0x08000b95   Thumb Code     0  cfcmple.o(.text)
    __aeabi_cfcmple                          0x08000b95   Thumb Code    20  cfcmple.o(.text)
    __aeabi_cfrcmple                         0x08000ba9   Thumb Code    20  cfrcmple.o(.text)
    __aeabi_uidiv                            0x08000bbd   Thumb Code     0  uidiv.o(.text)
    __aeabi_uidivmod                         0x08000bbd   Thumb Code    44  uidiv.o(.text)
    __aeabi_uldivmod                         0x08000be9   Thumb Code    98  uldiv.o(.text)
    __aeabi_llsl                             0x08000c4b   Thumb Code    30  llshl.o(.text)
    _ll_shift_l                              0x08000c4b   Thumb Code     0  llshl.o(.text)
    __aeabi_llsr                             0x08000c69   Thumb Code    32  llushr.o(.text)
    _ll_ushift_r                             0x08000c69   Thumb Code     0  llushr.o(.text)
    __aeabi_lasr                             0x08000c89   Thumb Code    36  llsshr.o(.text)
    _ll_sshift_r                             0x08000c89   Thumb Code     0  llsshr.o(.text)
    _chval                                   0x08000cad   Thumb Code    28  _chval.o(.text)
    __vfscanf_char                           0x08000cd5   Thumb Code    20  scanf_char.o(.text)
    _sgetc                                   0x08000cf1   Thumb Code    30  _sgetc.o(.text)
    _sbackspace                              0x08000d0f   Thumb Code    34  _sgetc.o(.text)
    __I$use$fp                               0x08000d31   Thumb Code     0  iusefp.o(.text)
    _float_round                             0x08000d31   Thumb Code    18  fepilogue.o(.text)
    _float_epilogue                          0x08000d43   Thumb Code    92  fepilogue.o(.text)
    _double_round                            0x08000d9f   Thumb Code    26  depilogue.o(.text)
    _double_epilogue                         0x08000db9   Thumb Code   156  depilogue.o(.text)
    __aeabi_ul2d                             0x08000e55   Thumb Code    24  dfltul.o(.text)
    __aeabi_d2ulz                            0x08000e6d   Thumb Code    48  dfixul.o(.text)
    __scatterload                            0x08000e9d   Thumb Code    28  init.o(.text)
    __scatterload_rt2                        0x08000e9d   Thumb Code     0  init.o(.text)
    isspace                                  0x08000ec1   Thumb Code    10  isspace_c.o(.text)
    __vfscanf                                0x08000ecd   Thumb Code   802  _scanf.o(.text)
    __ARM_scalbnf                            0x080011f5   Thumb Code    24  fscalb.o(.text)
    scalbnf                                  0x080011f5   Thumb Code     0  fscalb.o(.text)
    __ctype_lookup                           0x0800120d   Thumb Code    34  ctype_c.o(.text)
    __decompress                             0x08001235   Thumb Code     0  __dczerorl2.o(.text)
    __decompress1                            0x08001235   Thumb Code    86  __dczerorl2.o(.text)
    BusFault_Handler                         0x0800128b   Thumb Code     4  stm32f10x_it.o(i.BusFault_Handler)
    DEBUG_USART_Config                       0x08001291   Thumb Code   162  bsp_debug_usart.o(i.DEBUG_USART_Config)
    DebugMon_Handler                         0x0800133d   Thumb Code     2  stm32f10x_it.o(i.DebugMon_Handler)
    Debug_GPIO_Init                          0x08001341   Thumb Code    46  main.o(i.Debug_GPIO_Init)
    Delay                                    0x08001375   Thumb Code    20  delay.o(i.Delay)
    Encoder_Get                              0x0800138d   Thumb Code    56  encoder.o(i.Encoder_Get)
    Encoder_Init                             0x080013c9   Thumb Code   216  encoder.o(i.Encoder_Init)
    FLASH_PrefetchBufferCmd                  0x080014a9   Thumb Code    22  stm32f10x_flash.o(i.FLASH_PrefetchBufferCmd)
    FLASH_SetLatency                         0x080014c5   Thumb Code    18  stm32f10x_flash.o(i.FLASH_SetLatency)
    GPIO_Init                                0x080014dd   Thumb Code   278  stm32f10x_gpio.o(i.GPIO_Init)
    GPIO_ReadInputDataBit                    0x080015f3   Thumb Code    18  stm32f10x_gpio.o(i.GPIO_ReadInputDataBit)
    GPIO_ResetBits                           0x08001605   Thumb Code     4  stm32f10x_gpio.o(i.GPIO_ResetBits)
    GPIO_SetBits                             0x08001609   Thumb Code     4  stm32f10x_gpio.o(i.GPIO_SetBits)
    GitCUrrentAngle                          0x0800160d   Thumb Code    92  main.o(i.GitCUrrentAngle)
    HardFault_Handler                        0x08001685   Thumb Code     4  stm32f10x_it.o(i.HardFault_Handler)
    I2C1_BusRecover                          0x08001689   Thumb Code   150  main.o(i.I2C1_BusRecover)
    I2C_AcknowledgeConfig                    0x08001725   Thumb Code    24  stm32f10x_i2c.o(i.I2C_AcknowledgeConfig)
    I2C_BufferRead                           0x0800173d   Thumb Code   210  bsp_hard_i2c.o(i.I2C_BufferRead)
    I2C_ByteWrite                            0x0800181d   Thumb Code   108  bsp_hard_i2c.o(i.I2C_ByteWrite)
    I2C_CheckEvent                           0x08001895   Thumb Code    42  stm32f10x_i2c.o(i.I2C_CheckEvent)
    I2C_Cmd                                  0x080018bf   Thumb Code    24  stm32f10x_i2c.o(i.I2C_Cmd)
    I2C_DeInit                               0x080018d9   Thumb Code    50  stm32f10x_i2c.o(i.I2C_DeInit)
    I2C_GenerateSTART                        0x08001911   Thumb Code    24  stm32f10x_i2c.o(i.I2C_GenerateSTART)
    I2C_GenerateSTOP                         0x08001929   Thumb Code    24  stm32f10x_i2c.o(i.I2C_GenerateSTOP)
    I2C_GetFlagStatus                        0x08001941   Thumb Code    58  stm32f10x_i2c.o(i.I2C_GetFlagStatus)
    I2C_Init                                 0x0800197d   Thumb Code   222  stm32f10x_i2c.o(i.I2C_Init)
    I2C_ReceiveData                          0x08001a69   Thumb Code     8  stm32f10x_i2c.o(i.I2C_ReceiveData)
    I2C_Send7bitAddress                      0x08001a71   Thumb Code    18  stm32f10x_i2c.o(i.I2C_Send7bitAddress)
    I2C_SendData                             0x08001a83   Thumb Code     4  stm32f10x_i2c.o(i.I2C_SendData)
    Interrupt_Priority_Config                0x08001a89   Thumb Code   210  stm32f10x_it.o(i.Interrupt_Priority_Config)
    MPU6050ReadAcc                           0x08001b65   Thumb Code    64  mpu6050.o(i.MPU6050ReadAcc)
    MPU6050ReadGyro                          0x08001ba5   Thumb Code    64  mpu6050.o(i.MPU6050ReadGyro)
    MPU6050_Init                             0x08001be5   Thumb Code    58  mpu6050.o(i.MPU6050_Init)
    MPU6050_ReadData                         0x08001c1f   Thumb Code    20  mpu6050.o(i.MPU6050_ReadData)
    MPU6050_WriteReg                         0x08001c33   Thumb Code    16  mpu6050.o(i.MPU6050_WriteReg)
    MPU_I2C_Config                           0x08001c45   Thumb Code   110  bsp_hard_i2c.o(i.MPU_I2C_Config)
    MemManage_Handler                        0x08001cc1   Thumb Code     4  stm32f10x_it.o(i.MemManage_Handler)
    Motor_DeadzoneCompensate                 0x08001cc5   Thumb Code    52  stm32f10x_it.o(i.Motor_DeadzoneCompensate)
    Motor_Init                               0x08001cf9   Thumb Code    44  motor.o(i.Motor_Init)
    Motor_SetPWM                             0x08001d29   Thumb Code   130  motor.o(i.Motor_SetPWM)
    NMI_Handler                              0x08001db1   Thumb Code     2  stm32f10x_it.o(i.NMI_Handler)
    NVIC_Init                                0x08001db5   Thumb Code   100  misc.o(i.NVIC_Init)
    NVIC_PriorityGroupConfig                 0x08001e25   Thumb Code    10  misc.o(i.NVIC_PriorityGroupConfig)
    PID_Init                                 0x08001e39   Thumb Code    16  pid.o(i.PID_Init)
    PID_Update                               0x08001e49   Thumb Code   234  pid.o(i.PID_Update)
    PWM_Init                                 0x08001f35   Thumb Code   146  pwm.o(i.PWM_Init)
    PWM_SetCompare1                          0x08001fd1   Thumb Code    14  pwm.o(i.PWM_SetCompare1)
    PWM_SetCompare2                          0x08001fe5   Thumb Code    14  pwm.o(i.PWM_SetCompare2)
    Parse_PID_Commands                       0x08001ff9   Thumb Code  1680  main.o(i.Parse_PID_Commands)
    PendSV_Handler                           0x0800268d   Thumb Code     2  stm32f10x_it.o(i.PendSV_Handler)
    RCC_APB1PeriphClockCmd                   0x08002691   Thumb Code    26  stm32f10x_rcc.o(i.RCC_APB1PeriphClockCmd)
    RCC_APB1PeriphResetCmd                   0x080026b1   Thumb Code    26  stm32f10x_rcc.o(i.RCC_APB1PeriphResetCmd)
    RCC_APB2PeriphClockCmd                   0x080026d1   Thumb Code    26  stm32f10x_rcc.o(i.RCC_APB2PeriphClockCmd)
    RCC_DeInit                               0x080026f1   Thumb Code    64  stm32f10x_rcc.o(i.RCC_DeInit)
    RCC_GetClocksFreq                        0x0800273d   Thumb Code   192  stm32f10x_rcc.o(i.RCC_GetClocksFreq)
    RCC_GetFlagStatus                        0x08002811   Thumb Code    56  stm32f10x_rcc.o(i.RCC_GetFlagStatus)
    RCC_GetSYSCLKSource                      0x0800284d   Thumb Code    10  stm32f10x_rcc.o(i.RCC_GetSYSCLKSource)
    RCC_HCLKConfig                           0x0800285d   Thumb Code    18  stm32f10x_rcc.o(i.RCC_HCLKConfig)
    RCC_HSEConfig                            0x08002875   Thumb Code    70  stm32f10x_rcc.o(i.RCC_HSEConfig)
    RCC_PCLK1Config                          0x080028c1   Thumb Code    18  stm32f10x_rcc.o(i.RCC_PCLK1Config)
    RCC_PCLK2Config                          0x080028d9   Thumb Code    20  stm32f10x_rcc.o(i.RCC_PCLK2Config)
    RCC_PLLCmd                               0x080028f1   Thumb Code     6  stm32f10x_rcc.o(i.RCC_PLLCmd)
    RCC_PLLConfig                            0x080028fd   Thumb Code    24  stm32f10x_rcc.o(i.RCC_PLLConfig)
    RCC_SYSCLKConfig                         0x08002919   Thumb Code    18  stm32f10x_rcc.o(i.RCC_SYSCLKConfig)
    RCC_WaitForHSEStartUp                    0x08002931   Thumb Code    56  stm32f10x_rcc.o(i.RCC_WaitForHSEStartUp)
    SVC_Handler                              0x08002969   Thumb Code     2  stm32f10x_it.o(i.SVC_Handler)
    SysTick_Handler                          0x08002a55   Thumb Code   148  stm32f10x_it.o(i.SysTick_Handler)
    SystemClock_Config                       0x08002b05   Thumb Code   106  main.o(i.SystemClock_Config)
    SystemInit                               0x08002b71   Thumb Code    78  system_stm32f10x.o(i.SystemInit)
    TIM1_Control_Init                        0x08002e11   Thumb Code    92  timer.o(i.TIM1_Control_Init)
    TIM1_UP_IRQHandler                       0x08002e71   Thumb Code  2490  stm32f10x_it.o(i.TIM1_UP_IRQHandler)
    TIM_ClearITPendingBit                    0x08003861   Thumb Code     6  stm32f10x_tim.o(i.TIM_ClearITPendingBit)
    TIM_Cmd                                  0x08003867   Thumb Code    24  stm32f10x_tim.o(i.TIM_Cmd)
    TIM_EncoderInterfaceConfig               0x0800387f   Thumb Code    66  stm32f10x_tim.o(i.TIM_EncoderInterfaceConfig)
    TIM_GetCounter                           0x080038c1   Thumb Code     6  stm32f10x_tim.o(i.TIM_GetCounter)
    TIM_GetITStatus                          0x080038c7   Thumb Code    34  stm32f10x_tim.o(i.TIM_GetITStatus)
    TIM_ICInit                               0x080038e9   Thumb Code   150  stm32f10x_tim.o(i.TIM_ICInit)
    TIM_ICStructInit                         0x08003995   Thumb Code    18  stm32f10x_tim.o(i.TIM_ICStructInit)
    TIM_ITConfig                             0x080039a7   Thumb Code    18  stm32f10x_tim.o(i.TIM_ITConfig)
    TIM_InternalClockConfig                  0x080039b9   Thumb Code    12  stm32f10x_tim.o(i.TIM_InternalClockConfig)
    TIM_OC3Init                              0x080039c5   Thumb Code   150  stm32f10x_tim.o(i.TIM_OC3Init)
    TIM_OC4Init                              0x08003a65   Thumb Code   114  stm32f10x_tim.o(i.TIM_OC4Init)
    TIM_OCStructInit                         0x08003ae1   Thumb Code    20  stm32f10x_tim.o(i.TIM_OCStructInit)
    TIM_SetCompare3                          0x08003af5   Thumb Code     4  stm32f10x_tim.o(i.TIM_SetCompare3)
    TIM_SetCompare4                          0x08003af9   Thumb Code     6  stm32f10x_tim.o(i.TIM_SetCompare4)
    TIM_SetCounter                           0x08003aff   Thumb Code     4  stm32f10x_tim.o(i.TIM_SetCounter)
    TIM_SetIC1Prescaler                      0x08003b03   Thumb Code    18  stm32f10x_tim.o(i.TIM_SetIC1Prescaler)
    TIM_SetIC2Prescaler                      0x08003b15   Thumb Code    26  stm32f10x_tim.o(i.TIM_SetIC2Prescaler)
    TIM_SetIC3Prescaler                      0x08003b2f   Thumb Code    18  stm32f10x_tim.o(i.TIM_SetIC3Prescaler)
    TIM_SetIC4Prescaler                      0x08003b41   Thumb Code    26  stm32f10x_tim.o(i.TIM_SetIC4Prescaler)
    TIM_TimeBaseInit                         0x08003b5d   Thumb Code   122  stm32f10x_tim.o(i.TIM_TimeBaseInit)
    USART1_IRQHandler                        0x08003c01   Thumb Code    92  stm32f10x_it.o(i.USART1_IRQHandler)
    USART1_ReadLine                          0x08003c71   Thumb Code   172  stm32f10x_it.o(i.USART1_ReadLine)
    USART_Cmd                                0x08003d35   Thumb Code    24  stm32f10x_usart.o(i.USART_Cmd)
    USART_GetFlagStatus                      0x08003d4d   Thumb Code    26  stm32f10x_usart.o(i.USART_GetFlagStatus)
    USART_GetITStatus                        0x08003d67   Thumb Code    84  stm32f10x_usart.o(i.USART_GetITStatus)
    USART_ITConfig                           0x08003dbb   Thumb Code    74  stm32f10x_usart.o(i.USART_ITConfig)
    USART_Init                               0x08003e05   Thumb Code   210  stm32f10x_usart.o(i.USART_Init)
    USART_ReceiveData                        0x08003edd   Thumb Code    10  stm32f10x_usart.o(i.USART_ReceiveData)
    USART_SendData                           0x08003ee7   Thumb Code     8  stm32f10x_usart.o(i.USART_SendData)
    UsageFault_Handler                       0x08003eef   Thumb Code     4  stm32f10x_it.o(i.UsageFault_Handler)
    WaitEvent                                0x08003ef3   Thumb Code    34  bsp_hard_i2c.o(i.WaitEvent)
    __0printf                                0x08003f15   Thumb Code    22  printfa.o(i.__0printf)
    __1printf                                0x08003f15   Thumb Code     0  printfa.o(i.__0printf)
    __2printf                                0x08003f15   Thumb Code     0  printfa.o(i.__0printf)
    __c89printf                              0x08003f15   Thumb Code     0  printfa.o(i.__0printf)
    printf                                   0x08003f15   Thumb Code     0  printfa.o(i.__0printf)
    __ARM_fpclassifyf                        0x08003f35   Thumb Code    38  fpclassifyf.o(i.__ARM_fpclassifyf)
    __mathlib_flt_underflow                  0x08003f5b   Thumb Code    10  funder.o(i.__mathlib_flt_underflow)
    __scatterload_copy                       0x08003f65   Thumb Code    14  handlers.o(i.__scatterload_copy)
    __scatterload_null                       0x08003f73   Thumb Code     2  handlers.o(i.__scatterload_null)
    __scatterload_zeroinit                   0x08003f75   Thumb Code    14  handlers.o(i.__scatterload_zeroinit)
    _is_digit                                0x080040e9   Thumb Code    14  scanf_fp.o(i._is_digit)
    atan2f                                   0x08004829   Thumb Code   528  atan2f.o(i.atan2f)
    fputc                                    0x08004a85   Thumb Code    32  bsp_debug_usart.o(i.fputc)
    main                                     0x08004aa9   Thumb Code  1340  main.o(i.main)
    __ctype_categories                       0x08004fe8   Data          64  ctype_c.o(.constdata)
    Region$$Table$$Base                      0x08005110   Number         0  anon$$obj.o(Region$$Table)
    Region$$Table$$Limit                     0x08005130   Number         0  anon$$obj.o(Region$$Table)
    SystemCoreClock                          0x20000000   Data           4  system_stm32f10x.o(.data)
    AHBPrescTable                            0x20000004   Data          16  system_stm32f10x.o(.data)
    Accel                                    0x20000028   Data           6  main.o(.data)
    Gyro                                     0x2000002e   Data           6  main.o(.data)
    Temp                                     0x20000034   Data           2  main.o(.data)
    ax                                       0x20000036   Data           2  main.o(.data)
    ay                                       0x20000038   Data           2  main.o(.data)
    az                                       0x2000003a   Data           2  main.o(.data)
    gx                                       0x2000003c   Data           2  main.o(.data)
    gy                                       0x2000003e   Data           2  main.o(.data)
    gz                                       0x20000040   Data           2  main.o(.data)
    angleAcc                                 0x20000044   Data           4  main.o(.data)
    angleGyro                                0x20000048   Data           4  main.o(.data)
    angle                                    0x2000004c   Data           4  main.o(.data)
    PWML                                     0x20000050   Data           1  main.o(.data)
    PWMR                                     0x20000051   Data           1  main.o(.data)
    PWMAve                                   0x20000052   Data           1  main.o(.data)
    PWMDif                                   0x20000053   Data           1  main.o(.data)
    SPEEDL                                   0x20000054   Data           4  main.o(.data)
    SPEEDR                                   0x20000058   Data           4  main.o(.data)
    SPEEDAve                                 0x2000005c   Data           4  main.o(.data)
    SPEEDDif                                 0x20000060   Data           4  main.o(.data)
    speedCommandCmS                          0x20000064   Data           4  main.o(.data)
    turnCommandDiffCmS                       0x20000068   Data           4  main.o(.data)
    motionCommandAgeMs                       0x2000006c   Data           2  main.o(.data)
    motionCommandWatchdogActive              0x2000006e   Data           1  main.o(.data)
    motionStopRequest                        0x2000006f   Data           1  main.o(.data)
    gyroCalibrationRequest                   0x20000070   Data           1  main.o(.data)
    gyroCalibrationBusy                      0x20000071   Data           1  main.o(.data)
    gyroCalibrationResult                    0x20000072   Data           1  main.o(.data)
    gyroXOffset                              0x20000074   Data           4  main.o(.data)
    runFlag                                  0x20000078   Data           1  main.o(.data)
    angleAccOffset                           0x2000007c   Data           4  main.o(.data)
    AnglePID                                 0x20000080   Data          44  main.o(.data)
    SpeedPID                                 0x200000ac   Data          44  main.o(.data)
    TurnPID                                  0x200000d8   Data          44  main.o(.data)
    swTimers                                 0x20000104   Data          48  stm32f10x_it.o(.data)
    sensorAngleOffset                        0x20000134   Data           4  stm32f10x_it.o(.data)
    speedAngleOffset                         0x20000138   Data           4  stm32f10x_it.o(.data)
    speedEmergencyBrake                      0x2000013c   Data           1  stm32f10x_it.o(.data)
    encoderDeltaL                            0x2000014c   Data           2  stm32f10x_it.o(.data)
    encoderDeltaR                            0x2000014e   Data           2  stm32f10x_it.o(.data)
    encoderTotalL                            0x20000150   Data           4  stm32f10x_it.o(.data)
    encoderTotalR                            0x20000154   Data           4  stm32f10x_it.o(.data)
    usart1RxOverflowCount                    0x2000015c   Data           4  stm32f10x_it.o(.data)
    TimingDelay                              0x20000174   Data           4  delay.o(.data)
    __stdout                                 0x20000178   Data           4  stdout.o(.data)
    __initial_sp                             0x200006c0   Data           0  startup_stm32f103xb.o(STACK)



==============================================================================

Memory Map of the image

  Image Entry point : 0x080000ed

  Load Region LR_IROM1 (Base: 0x08000000, Size: 0x000052ac, Max: 0x00010000, ABSOLUTE, COMPRESSED[0x00005180])

    Execution Region ER_IROM1 (Base: 0x08000000, Size: 0x00005130, Max: 0x00010000, ABSOLUTE)

    Base Addr    Size         Type   Attr      Idx    E Section Name        Object

    0x08000000   0x000000ec   Data   RO            3    RESET               startup_stm32f103xb.o
    0x080000ec   0x00000000   Code   RO         4104  * .ARM.Collect$$$$00000000  mc_w.l(entry.o)
    0x080000ec   0x00000004   Code   RO         4435    .ARM.Collect$$$$00000001  mc_w.l(entry2.o)
    0x080000f0   0x00000004   Code   RO         4438    .ARM.Collect$$$$00000004  mc_w.l(entry5.o)
    0x080000f4   0x00000000   Code   RO         4440    .ARM.Collect$$$$00000008  mc_w.l(entry7b.o)
    0x080000f4   0x00000000   Code   RO         4442    .ARM.Collect$$$$0000000A  mc_w.l(entry8b.o)
    0x080000f4   0x00000008   Code   RO         4443    .ARM.Collect$$$$0000000B  mc_w.l(entry9a.o)
    0x080000fc   0x00000000   Code   RO         4445    .ARM.Collect$$$$0000000D  mc_w.l(entry10a.o)
    0x080000fc   0x00000000   Code   RO         4447    .ARM.Collect$$$$0000000F  mc_w.l(entry11a.o)
    0x080000fc   0x00000004   Code   RO         4436    .ARM.Collect$$$$00002712  mc_w.l(entry2.o)
    0x08000100   0x00000024   Code   RO            4    .text               startup_stm32f103xb.o
    0x08000124   0x00000024   Code   RO         4107    .text               mc_w.l(memcpya.o)
    0x08000148   0x00000024   Code   RO         4109    .text               mc_w.l(strstr.o)
    0x0800016c   0x00000038   Code   RO         4376    .text               mc_w.l(__0sscanf.o)
    0x080001a4   0x0000014c   Code   RO         4378    .text               mc_w.l(_scanf_int.o)
    0x080002f0   0x00000338   Code   RO         4380    .text               mc_w.l(scanf_fp.o)
    0x08000628   0x000000b0   Code   RO         4384    .text               mf_w.l(fadd.o)
    0x080006d8   0x00000064   Code   RO         4386    .text               mf_w.l(fmul.o)
    0x0800073c   0x0000007c   Code   RO         4388    .text               mf_w.l(fdiv.o)
    0x080007b8   0x0000014e   Code   RO         4390    .text               mf_w.l(dadd.o)
    0x08000906   0x000000e4   Code   RO         4392    .text               mf_w.l(dmul.o)
    0x080009ea   0x000000de   Code   RO         4394    .text               mf_w.l(ddiv.o)
    0x08000ac8   0x00000012   Code   RO         4396    .text               mf_w.l(fflti.o)
    0x08000ada   0x00000032   Code   RO         4402    .text               mf_w.l(ffixi.o)
    0x08000b0c   0x00000026   Code   RO         4408    .text               mf_w.l(f2d.o)
    0x08000b32   0x00000002   PAD
    0x08000b34   0x00000028   Code   RO         4412    .text               mf_w.l(cdrcmple.o)
    0x08000b5c   0x00000038   Code   RO         4414    .text               mf_w.l(d2f.o)
    0x08000b94   0x00000014   Code   RO         4416    .text               mf_w.l(cfcmple.o)
    0x08000ba8   0x00000014   Code   RO         4418    .text               mf_w.l(cfrcmple.o)
    0x08000bbc   0x0000002c   Code   RO         4450    .text               mc_w.l(uidiv.o)
    0x08000be8   0x00000062   Code   RO         4452    .text               mc_w.l(uldiv.o)
    0x08000c4a   0x0000001e   Code   RO         4454    .text               mc_w.l(llshl.o)
    0x08000c68   0x00000020   Code   RO         4456    .text               mc_w.l(llushr.o)
    0x08000c88   0x00000024   Code   RO         4458    .text               mc_w.l(llsshr.o)
    0x08000cac   0x0000001c   Code   RO         4467    .text               mc_w.l(_chval.o)
    0x08000cc8   0x00000028   Code   RO         4469    .text               mc_w.l(scanf_char.o)
    0x08000cf0   0x00000040   Code   RO         4471    .text               mc_w.l(_sgetc.o)
    0x08000d30   0x00000000   Code   RO         4473    .text               mc_w.l(iusefp.o)
    0x08000d30   0x0000006e   Code   RO         4474    .text               mf_w.l(fepilogue.o)
    0x08000d9e   0x000000b6   Code   RO         4476    .text               mf_w.l(depilogue.o)
    0x08000e54   0x00000018   Code   RO         4480    .text               mf_w.l(dfltul.o)
    0x08000e6c   0x00000030   Code   RO         4482    .text               mf_w.l(dfixul.o)
    0x08000e9c   0x00000024   Code   RO         4490    .text               mc_w.l(init.o)
    0x08000ec0   0x0000000a   Code   RO         4492    .text               mc_w.l(isspace_c.o)
    0x08000eca   0x00000002   PAD
    0x08000ecc   0x00000328   Code   RO         4494    .text               mc_w.l(_scanf.o)
    0x080011f4   0x00000018   Code   RO         4496    .text               mf_w.l(fscalb.o)
    0x0800120c   0x00000028   Code   RO         4500    .text               mc_w.l(ctype_c.o)
    0x08001234   0x00000056   Code   RO         4511    .text               mc_w.l(__dczerorl2.o)
    0x0800128a   0x00000004   Code   RO         3322    i.BusFault_Handler  stm32f10x_it.o
    0x0800128e   0x00000002   PAD
    0x08001290   0x000000ac   Code   RO         3446    i.DEBUG_USART_Config  bsp_debug_usart.o
    0x0800133c   0x00000002   Code   RO         3323    i.DebugMon_Handler  stm32f10x_it.o
    0x0800133e   0x00000002   PAD
    0x08001340   0x00000034   Code   RO         3191    i.Debug_GPIO_Init   main.o
    0x08001374   0x00000018   Code   RO         3428    i.Delay             delay.o
    0x0800138c   0x0000003c   Code   RO         4047    i.Encoder_Get       encoder.o
    0x080013c8   0x000000e0   Code   RO         4048    i.Encoder_Init      encoder.o
    0x080014a8   0x0000001c   Code   RO         1092    i.FLASH_PrefetchBufferCmd  stm32f10x_flash.o
    0x080014c4   0x00000018   Code   RO         1097    i.FLASH_SetLatency  stm32f10x_flash.o
    0x080014dc   0x00000116   Code   RO         1375    i.GPIO_Init         stm32f10x_gpio.o
    0x080015f2   0x00000012   Code   RO         1379    i.GPIO_ReadInputDataBit  stm32f10x_gpio.o
    0x08001604   0x00000004   Code   RO         1382    i.GPIO_ResetBits    stm32f10x_gpio.o
    0x08001608   0x00000004   Code   RO         1383    i.GPIO_SetBits      stm32f10x_gpio.o
    0x0800160c   0x00000078   Code   RO         3193    i.GitCUrrentAngle   main.o
    0x08001684   0x00000004   Code   RO         3324    i.HardFault_Handler  stm32f10x_it.o
    0x08001688   0x0000009c   Code   RO         3194    i.I2C1_BusRecover   main.o
    0x08001724   0x00000018   Code   RO         1484    i.I2C_AcknowledgeConfig  stm32f10x_i2c.o
    0x0800173c   0x000000e0   Code   RO         3553    i.I2C_BufferRead    bsp_hard_i2c.o
    0x0800181c   0x00000078   Code   RO         3554    i.I2C_ByteWrite     bsp_hard_i2c.o
    0x08001894   0x0000002a   Code   RO         1486    i.I2C_CheckEvent    stm32f10x_i2c.o
    0x080018be   0x00000018   Code   RO         1489    i.I2C_Cmd           stm32f10x_i2c.o
    0x080018d6   0x00000002   PAD
    0x080018d8   0x00000038   Code   RO         1492    i.I2C_DeInit        stm32f10x_i2c.o
    0x08001910   0x00000018   Code   RO         1496    i.I2C_GenerateSTART  stm32f10x_i2c.o
    0x08001928   0x00000018   Code   RO         1497    i.I2C_GenerateSTOP  stm32f10x_i2c.o
    0x08001940   0x0000003a   Code   RO         1498    i.I2C_GetFlagStatus  stm32f10x_i2c.o
    0x0800197a   0x00000002   PAD
    0x0800197c   0x000000ec   Code   RO         1503    i.I2C_Init          stm32f10x_i2c.o
    0x08001a68   0x00000008   Code   RO         1508    i.I2C_ReceiveData   stm32f10x_i2c.o
    0x08001a70   0x00000012   Code   RO         1510    i.I2C_Send7bitAddress  stm32f10x_i2c.o
    0x08001a82   0x00000004   Code   RO         1511    i.I2C_SendData      stm32f10x_i2c.o
    0x08001a86   0x00000002   PAD
    0x08001a88   0x000000dc   Code   RO         3325    i.Interrupt_Priority_Config  stm32f10x_it.o
    0x08001b64   0x00000040   Code   RO         3501    i.MPU6050ReadAcc    mpu6050.o
    0x08001ba4   0x00000040   Code   RO         3502    i.MPU6050ReadGyro   mpu6050.o
    0x08001be4   0x0000003a   Code   RO         3505    i.MPU6050_Init      mpu6050.o
    0x08001c1e   0x00000014   Code   RO         3506    i.MPU6050_ReadData  mpu6050.o
    0x08001c32   0x00000010   Code   RO         3507    i.MPU6050_WriteReg  mpu6050.o
    0x08001c42   0x00000002   PAD
    0x08001c44   0x0000007c   Code   RO         3555    i.MPU_I2C_Config    bsp_hard_i2c.o
    0x08001cc0   0x00000004   Code   RO         3326    i.MemManage_Handler  stm32f10x_it.o
    0x08001cc4   0x00000034   Code   RO         3327    i.Motor_DeadzoneCompensate  stm32f10x_it.o
    0x08001cf8   0x00000030   Code   RO         3998    i.Motor_Init        motor.o
    0x08001d28   0x00000088   Code   RO         3999    i.Motor_SetPWM      motor.o
    0x08001db0   0x00000002   Code   RO         3328    i.NMI_Handler       stm32f10x_it.o
    0x08001db2   0x00000002   PAD
    0x08001db4   0x00000070   Code   RO          137    i.NVIC_Init         misc.o
    0x08001e24   0x00000014   Code   RO          138    i.NVIC_PriorityGroupConfig  misc.o
    0x08001e38   0x00000010   Code   RO         4065    i.PID_Init          pid.o
    0x08001e48   0x000000ea   Code   RO         4066    i.PID_Update        pid.o
    0x08001f32   0x00000002   PAD
    0x08001f34   0x0000009c   Code   RO         4019    i.PWM_Init          pwm.o
    0x08001fd0   0x00000014   Code   RO         4020    i.PWM_SetCompare1   pwm.o
    0x08001fe4   0x00000014   Code   RO         4021    i.PWM_SetCompare2   pwm.o
    0x08001ff8   0x00000694   Code   RO         3195    i.Parse_PID_Commands  main.o
    0x0800268c   0x00000002   Code   RO         3329    i.PendSV_Handler    stm32f10x_it.o
    0x0800268e   0x00000002   PAD
    0x08002690   0x00000020   Code   RO         1791    i.RCC_APB1PeriphClockCmd  stm32f10x_rcc.o
    0x080026b0   0x00000020   Code   RO         1792    i.RCC_APB1PeriphResetCmd  stm32f10x_rcc.o
    0x080026d0   0x00000020   Code   RO         1793    i.RCC_APB2PeriphClockCmd  stm32f10x_rcc.o
    0x080026f0   0x0000004c   Code   RO         1800    i.RCC_DeInit        stm32f10x_rcc.o
    0x0800273c   0x000000d4   Code   RO         1801    i.RCC_GetClocksFreq  stm32f10x_rcc.o
    0x08002810   0x0000003c   Code   RO         1802    i.RCC_GetFlagStatus  stm32f10x_rcc.o
    0x0800284c   0x00000010   Code   RO         1804    i.RCC_GetSYSCLKSource  stm32f10x_rcc.o
    0x0800285c   0x00000018   Code   RO         1805    i.RCC_HCLKConfig    stm32f10x_rcc.o
    0x08002874   0x0000004c   Code   RO         1806    i.RCC_HSEConfig     stm32f10x_rcc.o
    0x080028c0   0x00000018   Code   RO         1812    i.RCC_PCLK1Config   stm32f10x_rcc.o
    0x080028d8   0x00000018   Code   RO         1813    i.RCC_PCLK2Config   stm32f10x_rcc.o
    0x080028f0   0x0000000c   Code   RO         1814    i.RCC_PLLCmd        stm32f10x_rcc.o
    0x080028fc   0x0000001c   Code   RO         1815    i.RCC_PLLConfig     stm32f10x_rcc.o
    0x08002918   0x00000018   Code   RO         1818    i.RCC_SYSCLKConfig  stm32f10x_rcc.o
    0x08002930   0x00000038   Code   RO         1820    i.RCC_WaitForHSEStartUp  stm32f10x_rcc.o
    0x08002968   0x00000002   Code   RO         3330    i.SVC_Handler       stm32f10x_it.o
    0x0800296a   0x00000008   Code   RO           10    i.SetSysClock       system_stm32f10x.o
    0x08002972   0x00000002   PAD
    0x08002974   0x000000e0   Code   RO           11    i.SetSysClockTo72   system_stm32f10x.o
    0x08002a54   0x000000b0   Code   RO         3331    i.SysTick_Handler   stm32f10x_it.o
    0x08002b04   0x0000006a   Code   RO         3196    i.SystemClock_Config  main.o
    0x08002b6e   0x00000002   PAD
    0x08002b70   0x00000060   Code   RO           13    i.SystemInit        system_stm32f10x.o
    0x08002bd0   0x00000080   Code   RO         2409    i.TI1_Config        stm32f10x_tim.o
    0x08002c50   0x00000098   Code   RO         2410    i.TI2_Config        stm32f10x_tim.o
    0x08002ce8   0x00000090   Code   RO         2411    i.TI3_Config        stm32f10x_tim.o
    0x08002d78   0x00000098   Code   RO         2412    i.TI4_Config        stm32f10x_tim.o
    0x08002e10   0x00000060   Code   RO         3935    i.TIM1_Control_Init  timer.o
    0x08002e70   0x000009f0   Code   RO         3332    i.TIM1_UP_IRQHandler  stm32f10x_it.o
    0x08003860   0x00000006   Code   RO         2420    i.TIM_ClearITPendingBit  stm32f10x_tim.o
    0x08003866   0x00000018   Code   RO         2425    i.TIM_Cmd           stm32f10x_tim.o
    0x0800387e   0x00000042   Code   RO         2434    i.TIM_EncoderInterfaceConfig  stm32f10x_tim.o
    0x080038c0   0x00000006   Code   RO         2444    i.TIM_GetCounter    stm32f10x_tim.o
    0x080038c6   0x00000022   Code   RO         2446    i.TIM_GetITStatus   stm32f10x_tim.o
    0x080038e8   0x000000ac   Code   RO         2448    i.TIM_ICInit        stm32f10x_tim.o
    0x08003994   0x00000012   Code   RO         2449    i.TIM_ICStructInit  stm32f10x_tim.o
    0x080039a6   0x00000012   Code   RO         2450    i.TIM_ITConfig      stm32f10x_tim.o
    0x080039b8   0x0000000c   Code   RO         2452    i.TIM_InternalClockConfig  stm32f10x_tim.o
    0x080039c4   0x000000a0   Code   RO         2464    i.TIM_OC3Init       stm32f10x_tim.o
    0x08003a64   0x0000007c   Code   RO         2469    i.TIM_OC4Init       stm32f10x_tim.o
    0x08003ae0   0x00000014   Code   RO         2472    i.TIM_OCStructInit  stm32f10x_tim.o
    0x08003af4   0x00000004   Code   RO         2488    i.TIM_SetCompare3   stm32f10x_tim.o
    0x08003af8   0x00000006   Code   RO         2489    i.TIM_SetCompare4   stm32f10x_tim.o
    0x08003afe   0x00000004   Code   RO         2490    i.TIM_SetCounter    stm32f10x_tim.o
    0x08003b02   0x00000012   Code   RO         2491    i.TIM_SetIC1Prescaler  stm32f10x_tim.o
    0x08003b14   0x0000001a   Code   RO         2492    i.TIM_SetIC2Prescaler  stm32f10x_tim.o
    0x08003b2e   0x00000012   Code   RO         2493    i.TIM_SetIC3Prescaler  stm32f10x_tim.o
    0x08003b40   0x0000001a   Code   RO         2494    i.TIM_SetIC4Prescaler  stm32f10x_tim.o
    0x08003b5a   0x00000002   PAD
    0x08003b5c   0x000000a4   Code   RO         2496    i.TIM_TimeBaseInit  stm32f10x_tim.o
    0x08003c00   0x00000070   Code   RO         3333    i.USART1_IRQHandler  stm32f10x_it.o
    0x08003c70   0x000000c4   Code   RO         3334    i.USART1_ReadLine   stm32f10x_it.o
    0x08003d34   0x00000018   Code   RO         2961    i.USART_Cmd         stm32f10x_usart.o
    0x08003d4c   0x0000001a   Code   RO         2964    i.USART_GetFlagStatus  stm32f10x_usart.o
    0x08003d66   0x00000054   Code   RO         2965    i.USART_GetITStatus  stm32f10x_usart.o
    0x08003dba   0x0000004a   Code   RO         2967    i.USART_ITConfig    stm32f10x_usart.o
    0x08003e04   0x000000d8   Code   RO         2968    i.USART_Init        stm32f10x_usart.o
    0x08003edc   0x0000000a   Code   RO         2975    i.USART_ReceiveData  stm32f10x_usart.o
    0x08003ee6   0x00000008   Code   RO         2978    i.USART_SendData    stm32f10x_usart.o
    0x08003eee   0x00000004   Code   RO         3335    i.UsageFault_Handler  stm32f10x_it.o
    0x08003ef2   0x00000022   Code   RO         3556    i.WaitEvent         bsp_hard_i2c.o
    0x08003f14   0x00000020   Code   RO         4348    i.__0printf         mc_w.l(printfa.o)
    0x08003f34   0x00000026   Code   RO         4430    i.__ARM_fpclassifyf  m_ws.l(fpclassifyf.o)
    0x08003f5a   0x0000000a   Code   RO         4432    i.__mathlib_flt_underflow  m_ws.l(funder.o)
    0x08003f64   0x0000000e   Code   RO         4505    i.__scatterload_copy  mc_w.l(handlers.o)
    0x08003f72   0x00000002   Code   RO         4506    i.__scatterload_null  mc_w.l(handlers.o)
    0x08003f74   0x0000000e   Code   RO         4507    i.__scatterload_zeroinit  mc_w.l(handlers.o)
    0x08003f82   0x00000002   PAD
    0x08003f84   0x00000164   Code   RO         4355    i._fp_digits        mc_w.l(printfa.o)
    0x080040e8   0x0000000e   Code   RO         4382    i._is_digit         mc_w.l(scanf_fp.o)
    0x080040f6   0x00000002   PAD
    0x080040f8   0x000006dc   Code   RO         4356    i._printf_core      mc_w.l(printfa.o)
    0x080047d4   0x00000024   Code   RO         4357    i._printf_post_padding  mc_w.l(printfa.o)
    0x080047f8   0x0000002e   Code   RO         4358    i._printf_pre_padding  mc_w.l(printfa.o)
    0x08004826   0x00000002   PAD
    0x08004828   0x0000025c   Code   RO         4095    i.atan2f            m_ws.l(atan2f.o)
    0x08004a84   0x00000024   Code   RO         3452    i.fputc             bsp_debug_usart.o
    0x08004aa8   0x00000540   Code   RO         3199    i.main              main.o
    0x08004fe8   0x00000040   Data   RO         4501    .constdata          mc_w.l(ctype_c.o)
    0x08005028   0x000000e7   Data   RO         3200    .conststring        main.o
    0x0800510f   0x00000001   PAD
    0x08005110   0x00000020   Data   RO         4503    Region$$Table       anon$$obj.o


    Execution Region RW_IRAM1 (Base: 0x20000000, Size: 0x000006c0, Max: 0x00005000, ABSOLUTE, COMPRESSED[0x00000050])

    Base Addr    Size         Type   Attr      Idx    E Section Name        Object

    0x20000000   0x00000014   Data   RW           14    .data               system_stm32f10x.o
    0x20000014   0x00000014   Data   RW         1821    .data               stm32f10x_rcc.o
    0x20000028   0x000000dc   Data   RW         3201    .data               main.o
    0x20000104   0x0000006f   Data   RW         3338    .data               stm32f10x_it.o
    0x20000173   0x00000001   PAD
    0x20000174   0x00000004   Data   RW         3429    .data               delay.o
    0x20000178   0x00000004   Data   RW         4449    .data               mc_w.l(stdout.o)
    0x2000017c   0x00000140   Zero   RW         3336    .bss                stm32f10x_it.o
    0x200002bc   0x00000004   PAD
    0x200002c0   0x00000400   Zero   RW            1    STACK               startup_stm32f103xb.o


==============================================================================

Image component sizes


      Code (inc. data)   RO Data    RW Data    ZI Data      Debug   Object Name

       208         14          0          0          0       2593   bsp_debug_usart.o
       502         40          0          0          0       3146   bsp_hard_i2c.o
        24          4          0          4          0       1090   delay.o
       284         12          0          0          0       1369   encoder.o
      3462        962        231        220          0      24253   main.o
       132         22          0          0          0       1711   misc.o
       184         10          0          0          0       1200   motor.o
       222          0          0          0          0       3008   mpu6050.o
       250          0          0          0          0       2100   pid.o
       196         22          0          0          0       1735   pwm.o
        36          8        236          0       1024        896   startup_stm32f103xb.o
         0          0          0          0          0     253492   stm32f10x_can.o
        52         12          0          0          0       1161   stm32f10x_flash.o
       304          0          0          0          0       3820   stm32f10x_gpio.o
       518         20          0          0          0       8637   stm32f10x_i2c.o
      3324        464          0        111        320      27806   stm32f10x_it.o
       728         98          0         20          0      11663   stm32f10x_rcc.o
      1502        170          0          0          0      16194   stm32f10x_tim.o
       442          6          0          0          0       6397   stm32f10x_usart.o
       328         28          0         20          0     253393   system_stm32f10x.o
        96          4          0          0          0        628   timer.o

    ----------------------------------------------------------------------
     12818       1896        500        376       1348     626292   Object Totals
         0          0         32          0          0          0   (incl. Generated)
        24          0          1          1          4          0   (incl. Padding)

    ----------------------------------------------------------------------

      Code (inc. data)   RO Data    RW Data    ZI Data      Debug   Library Member Name

       604         76          0          0          0        116   atan2f.o
        38          0          0          0          0         68   fpclassifyf.o
        10          0          0          0          0         68   funder.o
        56          8          0          0          0         84   __0sscanf.o
        86          0          0          0          0          0   __dczerorl2.o
        28          0          0          0          0         68   _chval.o
       808          6          0          0          0        112   _scanf.o
       332          0          0          0          0         96   _scanf_int.o
        64          0          0          0          0         84   _sgetc.o
        40          6         64          0          0         68   ctype_c.o
         0          0          0          0          0          0   entry.o
         0          0          0          0          0          0   entry10a.o
         0          0          0          0          0          0   entry11a.o
         8          4          0          0          0          0   entry2.o
         4          0          0          0          0          0   entry5.o
         0          0          0          0          0          0   entry7b.o
         0          0          0          0          0          0   entry8b.o
         8          4          0          0          0          0   entry9a.o
        30          0          0          0          0          0   handlers.o
        36          8          0          0          0         68   init.o
        10          0          0          0          0         68   isspace_c.o
         0          0          0          0          0          0   iusefp.o
        30          0          0          0          0         68   llshl.o
        36          0          0          0          0         68   llsshr.o
        32          0          0          0          0         68   llushr.o
        36          0          0          0          0         68   memcpya.o
      2226         90          0          0          0        444   printfa.o
        40          8          0          0          0         84   scanf_char.o
       838         12          0          0          0        216   scanf_fp.o
         0          0          0          4          0          0   stdout.o
        36          0          0          0          0         80   strstr.o
        44          0          0          0          0         80   uidiv.o
        98          0          0          0          0         92   uldiv.o
        40          2          0          0          0         68   cdrcmple.o
        20          0          0          0          0         68   cfcmple.o
        20          0          0          0          0         68   cfrcmple.o
        56          0          0          0          0         88   d2f.o
       334          0          0          0          0        148   dadd.o
       222          0          0          0          0        100   ddiv.o
       182          0          0          0          0        176   depilogue.o
        48          0          0          0          0         68   dfixul.o
        24          0          0          0          0         76   dfltul.o
       228          0          0          0          0         96   dmul.o
        38          0          0          0          0         68   f2d.o
       176          0          0          0          0        140   fadd.o
       124          0          0          0          0         88   fdiv.o
       110          0          0          0          0        168   fepilogue.o
        50          0          0          0          0         68   ffixi.o
        18          0          0          0          0         68   fflti.o
       100          0          0          0          0         76   fmul.o
        24          0          0          0          0         68   fscalb.o

    ----------------------------------------------------------------------
      7402        224         64          4          0       3868   Library Totals
        10          0          0          0          0          0   (incl. Padding)

    ----------------------------------------------------------------------

      Code (inc. data)   RO Data    RW Data    ZI Data      Debug   Library Name

       652         76          0          0          0        252   m_ws.l
      4926        146         64          4          0       1916   mc_w.l
      1814          2          0          0          0       1700   mf_w.l

    ----------------------------------------------------------------------
      7402        224         64          4          0       3868   Library Totals

    ----------------------------------------------------------------------

==============================================================================


      Code (inc. data)   RO Data    RW Data    ZI Data      Debug   

     20220       2120        564        380       1348     622800   Grand Totals
     20220       2120        564         80       1348     622800   ELF Image Totals (compressed)
     20220       2120        564         80          0          0   ROM Totals

==============================================================================

    Total RO  Size (Code + RO Data)                20784 (  20.30kB)
    Total RW  Size (RW Data + ZI Data)              1728 (   1.69kB)
    Total ROM Size (Code + RO Data + RW Data)      20864 (  20.38kB)

==============================================================================

