<html>
<body>
<pre>
<h1>礦ision Build Log</h1>
<h2>Project:</h2>
C:\Users\13763\Desktop\自学\嘉立创\stm32F103C8T6\test\平衡小车源代码\Project\RVMDK（uv5）\fly.uvprojx
Project File Date:  04/09/2026

<h2>Output:</h2>
Build target 'Fly'
compiling main.c...
linking...
Program Size: Code=20100 RO-data=528 RW-data=380 ZI-data=1348  
".\fly.axf" - 0 Error(s), 0 Warning(s).
Load "C:\\Users\\13763\\Desktop\\自学\\嘉立创\\stm32F103C8T6\\test\\平衡小车源代码\\Project\\RVMDK（uv5）\\fly.axf" 
Erase Done.
Programming Done.
Verify OK.
Application running ...
sktop\\自学\\嘉立创\\stm32F103C8T6\\test\\平衡小车源代码\\Project\\RVMDK（uv5）\\fly.axf" 
Erase Done.
Programming Done.
Verify OK.
Application running ...
Load "C:\\Users\\13763\\Desktop\\自学\\嘉立创\\stm32F103C8T6\\test\\平衡小车源代码\\Project\\RVMDK（uv5）\\fly.axf" 
Erase Done.
Programming Done.
Verify OK.
Application running ...
Load "C:\\Users\\13763\\Desktop\\自学\\嘉立创\\stm32F103C8T6\\test\\平衡小车源代码\\Project\\RVMDK（uv5）\\fly.axf" 
Erase Done.
Programming Done.
Verify OK.
Application running ...
