<html>
<body>
<pre>
<h1>礦ision Build Log</h1>
<h2>Project:</h2>
C:\Users\13763\Desktop\自学\嘉立创\stm32F103C8T6\test\mpu6050\Project\RVMDK（uv5）\fly.uvprojx
Project File Date:  04/09/2026

<h2>Output:</h2>
Build target 'Fly'
compiling main.c...
linking...
Program Size: Code=16508 RO-data=492 RW-data=256 ZI-data=1088  
".\fly.axf" - 0 Error(s), 0 Warning(s).
Load "C:\\Users\\13763\\Desktop\\自学\\嘉立创\\stm32F103C8T6\\test\\mpu6050\\Project\\RVMDK（uv5）\\fly.axf" 
Erase Done.
Programming Done.
Verify OK.
Application running ...
 }
..\..\User\main.c(133): error:  #513: a value of type "int" cannot be assigned to an entity of type "char *"
          if ((p_cmd = strstr(RxBuffer, "SpeedPID.kp:")) != NULL)      { if(sscanf(p_cmd, "SpeedPID.kp:%f", &temp_val) == 1) {SpeedPID.Kp = temp_val; printf("SpeedPID.Kp=%.2f\r\n", SpeedPID.Kp); match_success = true;} }
..\..\User\main.c(134): error:  #513: a value of type "int" cannot be assigned to an entity of type "char *"
          else if ((p_cmd = strstr(RxBuffer, "SpeedPID.ki:")) != NULL) { if(sscanf(p_cmd, "SpeedPID.ki:%f", &temp_val) == 1) {SpeedPID.Ki = temp_val; printf("SpeedPID.Ki=%.2f\r\n", SpeedPID.Ki); match_success = true;} }
..\..\User\main.c(135): error:  #513: a value of type "int" cannot be assigned to an entity of type "char *"
          else if ((p_cmd = strstr(RxBuffer, "SpeedPID.kd:")) != NULL) { if(sscanf(p_cmd, "SpeedPID.kd:%f", &temp_val) == 1) {SpeedPID.Kd = temp_val; printf("SpeedPID.Kd=%.2f\r\n", SpeedPID.Kd); match_success = true;} }
..\..\User\main.c(137): error:  #513: a value of type "int" cannot be assigned to an entity of type "char *"
          else if ((p_cmd = strstr(RxBuffer, "AnglePID.kp:")) != NULL) { if(sscanf(p_cmd, "AnglePID.kp:%f", &temp_val) == 1) {AnglePID.Kp = temp_val; printf("AnglePID.Kp=%.2f\r\n", AnglePID.Kp); match_success = true;} }
..\..\User\main.c(138): error:  #513: a value of type "int" cannot be assigned to an entity of type "char *"
          else if ((p_cmd = strstr(RxBuffer, "AnglePID.ki:")) != NULL) { if(sscanf(p_cmd, "AnglePID.ki:%f", &temp_val) == 1) {AnglePID.Ki = temp_val; printf("AnglePID.Ki=%.2f\r\n", AnglePID.Ki); match_success = true;} }
..\..\User\main.c(139): error:  #513: a value of type "int" cannot be assigned to an entity of type "char *"
          else if ((p_cmd = strstr(RxBuffer, "AnglePID.kd:")) != NULL) { if(sscanf(p_cmd, "AnglePID.kd:%f", &temp_val) == 1) {AnglePID.Kd = temp_val; printf("AnglePID.Kd=%.2f\r\n", AnglePID.Kd); match_success = true;} }
..\..\User\main.c(141): error:  #513: a value of type "int" cannot be assigned to an entity of type "char *"
          else if ((p_cmd = strstr(RxBuffer, "runFlag:")) != NULL)       { if(sscanf(p_cmd, "runFlag:%d", &temp_int) == 1)     {runFlag = (temp_int != 0); match_success = true;} }
..\..\User\main.c(142): error:  #513: a value of type "int" cannot be assigned to an entity of type "char *"
          else if ((p_cmd = strstr(RxBuffer, "angleAccOffset:")) != NULL) { if(sscanf(p_cmd, "angleAccOffset:%f", &temp_val) == 1) {angleAccOffset = temp_val; printf("angleAccOffset=%.2f\r\n", angleAccOffset); match_success = true;} }
..\..\User\main.c(150): warning:  #223-D: function "memset" declared implicitly
          memset(RxBuffer, 0, sizeof(RxBuffer)); 
..\..\User\main.c: 2 warnings, 8 errors
compiling stm32f10x_it.c...
".\fly.axf" - 8 Error(s), 2 Warning(s).
Target not 