<html>
<body>
<pre>
<h1>礦ision Build Log</h1>
<h2>Project:</h2>
C:\Users\13763\Desktop\自学\嘉立创\stm32F103C8T6\test\mpu6050\Project\RVMDK（uv5）\fly.uvprojx
Project File Date:  03/06/2026

<h2>Output:</h2>
Build target 'Fly'
compiling stm32f10x_it.c...
linking...
Program Size: Code=12420 RO-data=500 RW-data=148 ZI-data=1028  
".\fly.axf" - 0 Error(s), 0 Warning(s).
Load "C:\\Users\\13763\\Desktop\\自学\\嘉立创\\stm32F103C8T6\\test\\mpu6050\\Project\\RVMDK（uv5）\\fly.axf" 
Erase Done.
Programming Done.
Verify OK.
(s).
-  Target DLL has been cancelled
Load "C:\\Users\\13763\\Desktop\\自学\\嘉立创\\stm32F103C8T6\\test\\mpu6050\\Project\\RVMDK（uv5）\\fly.axf" 
Erase Done.
Programming Done.
Verify OK.
