<html>
<body>
<pre>
<h1>礦ision Build Log</h1>
<h2>Project:</h2>
D:\desktop\study\嘉立创\stm32F103C8T6\平衡车\test\视频资料\mpu6050\Project.uvprojx
Project File Date:  10/07/2024

<h2>Output:</h2>
Build target 'Target 1'
assembling startup_stm32f10x_md.s...
compiling core_cm3.c...
compiling system_stm32f10x.c...
compiling misc.c...
compiling stm32f10x_adc.c...
compiling stm32f10x_bkp.c...
compiling stm32f10x_can.c...
compiling stm32f10x_cec.c...
compiling stm32f10x_crc.c...
compiling stm32f10x_dac.c...
compiling stm32f10x_dbgmcu.c...
compiling stm32f10x_dma.c...
compiling stm32f10x_exti.c...
compiling stm32f10x_flash.c...
compiling stm32f10x_fsmc.c...
compiling stm32f10x_gpio.c...
compiling stm32f10x_i2c.c...
compiling stm32f10x_iwdg.c...
compiling stm32f10x_pwr.c...
compiling stm32f10x_rcc.c...
compiling stm32f10x_rtc.c...
compiling stm32f10x_sdio.c...
compiling stm32f10x_spi.c...
compiling stm32f10x_tim.c...
compiling stm32f10x_usart.c...
compiling stm32f10x_wwdg.c...
compiling Delay.c...
compiling LED.c...
compiling Key.c...
compiling OLED.c...
compiling MyI2C.c...
compiling MPU6050.c...
compiling main.c...
compiling stm32f10x_it.c...
linking...
Program Size: Code=2908 RO-data=1788 RW-data=16 ZI-data=1632  
".\Objects\Project.axf" - 0 Error(s), 0 Warning(s).
</pre>
</body>
</html>
